Archive member included to satisfy reference by file (symbol)

d:/embeddedsoftware/env/gcc-arm-none-eabi-10.3-2021.10/bin/../lib/gcc/arm-none-eabi/10.3.1/thumb/v7e-m/nofp\libgcc.a(_arm_muldf3.o)
                              CMakeFiles/demo.elf.dir/HardWare/MPU6050/inv_mpu.c.obj (__aeabi_dmul)
d:/embeddedsoftware/env/gcc-arm-none-eabi-10.3-2021.10/bin/../lib/gcc/arm-none-eabi/10.3.1/thumb/v7e-m/nofp\libgcc.a(_arm_mulsf3.o)
                              CMakeFiles/demo.elf.dir/HardWare/MPU6050/inv_mpu.c.obj (__aeabi_fmul)
d:/embeddedsoftware/env/gcc-arm-none-eabi-10.3-2021.10/bin/../lib/gcc/arm-none-eabi/10.3.1/thumb/v7e-m/nofp\libgcc.a(_arm_addsubdf3.o)
                              CMakeFiles/demo.elf.dir/HardWare/MPU6050/mpu6050_user.c.obj (__aeabi_dsub)
d:/embeddedsoftware/env/gcc-arm-none-eabi-10.3-2021.10/bin/../lib/gcc/arm-none-eabi/10.3.1/thumb/v7e-m/nofp\libgcc.a(_arm_muldivdf3.o)
                              CMakeFiles/demo.elf.dir/HardWare/MPU6050/mpu6050.c.obj (__aeabi_ddiv)
d:/embeddedsoftware/env/gcc-arm-none-eabi-10.3-2021.10/bin/../lib/gcc/arm-none-eabi/10.3.1/thumb/v7e-m/nofp\libgcc.a(_arm_cmpdf2.o)
                              CMakeFiles/demo.elf.dir/HardWare/MPU6050/mpu6050_user.c.obj (__aeabi_dcmpeq)
d:/embeddedsoftware/env/gcc-arm-none-eabi-10.3-2021.10/bin/../lib/gcc/arm-none-eabi/10.3.1/thumb/v7e-m/nofp\libgcc.a(_arm_truncdfsf2.o)
                              CMakeFiles/demo.elf.dir/HardWare/MPU6050/inv_mpu.c.obj (__aeabi_d2f)
d:/embeddedsoftware/env/gcc-arm-none-eabi-10.3-2021.10/bin/../lib/gcc/arm-none-eabi/10.3.1/thumb/v7e-m/nofp\libgcc.a(_arm_addsubsf3.o)
                              CMakeFiles/demo.elf.dir/HardWare/MPU6050/inv_mpu.c.obj (__aeabi_fsub)
d:/embeddedsoftware/env/gcc-arm-none-eabi-10.3-2021.10/bin/../lib/gcc/arm-none-eabi/10.3.1/thumb/v7e-m/nofp\libgcc.a(_arm_muldivsf3.o)
                              CMakeFiles/demo.elf.dir/HardWare/MPU6050/inv_mpu.c.obj (__aeabi_fdiv)
d:/embeddedsoftware/env/gcc-arm-none-eabi-10.3-2021.10/bin/../lib/gcc/arm-none-eabi/10.3.1/thumb/v7e-m/nofp\libgcc.a(_arm_cmpsf2.o)
                              CMakeFiles/demo.elf.dir/HardWare/MPU6050/inv_mpu.c.obj (__aeabi_fcmpeq)
d:/embeddedsoftware/env/gcc-arm-none-eabi-10.3-2021.10/bin/../lib/gcc/arm-none-eabi/10.3.1/thumb/v7e-m/nofp\libgcc.a(_arm_fixsfsi.o)
                              CMakeFiles/demo.elf.dir/HardWare/MPU6050/inv_mpu.c.obj (__aeabi_f2iz)
d:/embeddedsoftware/env/gcc-arm-none-eabi-10.3-2021.10/bin/../lib/gcc/arm-none-eabi/10.3.1/thumb/v7e-m/nofp\libgcc.a(_arm_fixunssfsi.o)
                              CMakeFiles/demo.elf.dir/HardWare/MPU6050/inv_mpu_dmp_motion_driver.c.obj (__aeabi_f2uiz)
d:/embeddedsoftware/env/gcc-arm-none-eabi-10.3-2021.10/bin/../lib/gcc/arm-none-eabi/10.3.1/thumb/v7e-m/nofp\libgcc.a(_aeabi_ldivmod.o)
                              CMakeFiles/demo.elf.dir/HardWare/MPU6050/inv_mpu.c.obj (__aeabi_ldivmod)
d:/embeddedsoftware/env/gcc-arm-none-eabi-10.3-2021.10/bin/../lib/gcc/arm-none-eabi/10.3.1/thumb/v7e-m/nofp\libgcc.a(_aeabi_uldivmod.o)
                              CMakeFiles/demo.elf.dir/Drivers/STM32F4xx_HAL_Driver/Src/stm32f4xx_hal_rcc.c.obj (__aeabi_uldivmod)
d:/embeddedsoftware/env/gcc-arm-none-eabi-10.3-2021.10/bin/../lib/gcc/arm-none-eabi/10.3.1/thumb/v7e-m/nofp\libgcc.a(_udivmoddi4.o)
                              d:/embeddedsoftware/env/gcc-arm-none-eabi-10.3-2021.10/bin/../lib/gcc/arm-none-eabi/10.3.1/thumb/v7e-m/nofp\libgcc.a(_aeabi_ldivmod.o) (__udivmoddi4)
d:/embeddedsoftware/env/gcc-arm-none-eabi-10.3-2021.10/bin/../lib/gcc/arm-none-eabi/10.3.1/thumb/v7e-m/nofp\libgcc.a(_dvmd_tls.o)
                              d:/embeddedsoftware/env/gcc-arm-none-eabi-10.3-2021.10/bin/../lib/gcc/arm-none-eabi/10.3.1/thumb/v7e-m/nofp\libgcc.a(_aeabi_ldivmod.o) (__aeabi_ldiv0)
d:/embeddedsoftware/env/gcc-arm-none-eabi-10.3-2021.10/bin/../lib/gcc/arm-none-eabi/10.3.1/../../../../arm-none-eabi/lib/thumb/v7e-m/nofp\libg.a(lib_a-errno.o)
                              CMakeFiles/demo.elf.dir/Core/Src/syscalls.c.obj (__errno)
d:/embeddedsoftware/env/gcc-arm-none-eabi-10.3-2021.10/bin/../lib/gcc/arm-none-eabi/10.3.1/../../../../arm-none-eabi/lib/thumb/v7e-m/nofp\libg.a(lib_a-exit.o)
                              d:/embeddedsoftware/env/gcc-arm-none-eabi-10.3-2021.10/bin/../lib/gcc/arm-none-eabi/10.3.1/../../../../arm-none-eabi/lib/thumb/v7e-m/nofp/crt0.o (exit)
d:/embeddedsoftware/env/gcc-arm-none-eabi-10.3-2021.10/bin/../lib/gcc/arm-none-eabi/10.3.1/../../../../arm-none-eabi/lib/thumb/v7e-m/nofp\libg.a(lib_a-impure.o)
                              d:/embeddedsoftware/env/gcc-arm-none-eabi-10.3-2021.10/bin/../lib/gcc/arm-none-eabi/10.3.1/../../../../arm-none-eabi/lib/thumb/v7e-m/nofp\libg.a(lib_a-exit.o) (_global_impure_ptr)
d:/embeddedsoftware/env/gcc-arm-none-eabi-10.3-2021.10/bin/../lib/gcc/arm-none-eabi/10.3.1/../../../../arm-none-eabi/lib/thumb/v7e-m/nofp\libg.a(lib_a-init.o)
[...]
Memory Configuration

Name             Origin             Length             Attributes
RAM              0x20000000         0x00010000         xrw
FLASH            0x08000000         0x00040000         xr
*default*        0x00000000         0xffffffff

Linker script and memory map

LOAD d:/embeddedsoftware/env/gcc-arm-none-eabi-10.3-2021.10/bin/../lib/gcc/arm-none-eabi/10.3.1/thumb/v7e-m/nofp/crti.o
LOAD d:/embeddedsoftware/env/gcc-arm-none-eabi-10.3-2021.10/bin/../lib/gcc/arm-none-eabi/10.3.1/thumb/v7e-m/nofp/crtbegin.o
LOAD d:/embeddedsoftware/env/gcc-arm-none-eabi-10.3-2021.10/bin/../lib/gcc/arm-none-eabi/10.3.1/../../../../arm-none-eabi/lib/thumb/v7e-m/nofp/crt0.o
LOAD CMakeFiles/demo.elf.dir/Core/Src/main.c.obj
LOAD CMakeFiles/demo.elf.dir/Core/Src/stm32f4xx_hal_msp.c.obj
LOAD CMakeFiles/demo.elf.dir/Core/Src/stm32f4xx_it.c.obj
LOAD CMakeFiles/demo.elf.dir/Core/Src/syscalls.c.obj
LOAD CMakeFiles/demo.elf.dir/Core/Src/sysmem.c.obj
LOAD CMakeFiles/demo.elf.dir/Core/Src/system_stm32f4xx.c.obj
LOAD CMakeFiles/demo.elf.dir/Core/Startup/startup_stm32f401ccux.s.obj
LOAD CMakeFiles/demo.elf.dir/Drivers/STM32F4xx_HAL_Driver/Src/stm32f4xx_hal.c.obj
LOAD CMakeFiles/demo.elf.dir/Drivers/STM32F4xx_HAL_Driver/Src/stm32f4xx_hal_adc.c.obj
LOAD CMakeFiles/demo.elf.dir/Drivers/STM32F4xx_HAL_Driver/Src/stm32f4xx_hal_adc_ex.c.obj
LOAD CMakeFiles/demo.elf.dir/Drivers/STM32F4xx_HAL_Driver/Src/stm32f4xx_hal_cortex.c.obj
LOAD CMakeFiles/demo.elf.dir/Drivers/STM32F4xx_HAL_Driver/Src/stm32f4xx_hal_dma.c.obj
LOAD CMakeFiles/demo.elf.dir/Drivers/STM32F4xx_HAL_Driver/Src/stm32f4xx_hal_dma_ex.c.obj
LOAD CMakeFiles/demo.elf.dir/Drivers/STM32F4xx_HAL_Driver/Src/stm32f4xx_hal_exti.c.obj
LOAD CMakeFiles/demo.elf.dir/Drivers/STM32F4xx_HAL_Driver/Src/stm32f4xx_hal_flash.c.obj
LOAD CMakeFiles/demo.elf.dir/Drivers/STM32F4xx_HAL_Driver/Src/stm32f4xx_hal_flash_ex.c.obj
LOAD CMakeFiles/demo.elf.dir/Drivers/STM32F4xx_HAL_Driver/Src/stm32f4xx_hal_flash_ramfunc.c.obj
LOAD CMakeFiles/demo.elf.dir/Drivers/STM32F4xx_HAL_Driver/Src/stm32f4xx_hal_gpio.c.obj
LOAD CMakeFiles/demo.elf.dir/Drivers/STM32F4xx_HAL_Driver/Src/stm32f4xx_hal_i2c.c.obj
LOAD CMakeFiles/demo.elf.dir/Drivers/STM32F4xx_HAL_Driver/Src/stm32f4xx_hal_i2c_ex.c.obj
LOAD CMakeFiles/demo.elf.dir/Drivers/STM32F4xx_HAL_Driver/Src/stm32f4xx_hal_pwr.c.obj
LOAD CMakeFiles/demo.elf.dir/Drivers/STM32F4xx_HAL_Driver/Src/stm32f4xx_hal_pwr_ex.c.obj
LOAD CMakeFiles/demo.elf.dir/Drivers/STM32F4xx_HAL_Driver/Src/stm32f4xx_hal_rcc.c.obj
LOAD CMakeFiles/demo.elf.dir/Drivers/STM32F4xx_HAL_Driver/Src/stm32f4xx_hal_rcc_ex.c.obj
LOAD CMakeFiles/demo.elf.dir/Drivers/STM32F4xx_HAL_Driver/Src/stm32f4xx_hal_spi.c.obj
LOAD CMakeFiles/demo.elf.dir/Drivers/STM32F4xx_HAL_Driver/Src/stm32f4xx_hal_tim.c.obj
LOAD CMakeFiles/demo.elf.dir/Drivers/STM32F4xx_HAL_Driver/Src/stm32f4xx_hal_tim_ex.c.obj
LOAD CMakeFiles/demo.elf.dir/Drivers/STM32F4xx_HAL_Driver/Src/stm32f4xx_hal_uart.c.obj
LOAD CMakeFiles/demo.elf.dir/Drivers/STM32F4xx_HAL_Driver/Src/stm32f4xx_ll_adc.c.obj
LOAD CMakeFiles/demo.elf.dir/HardWare/MPU6050/inv_mpu.c.obj
LOAD CMakeFiles/demo.elf.dir/HardWare/MPU6050/inv_mpu_dmp_motion_driver.c.obj
LOAD CMakeFiles/demo.elf.dir/HardWare/MPU6050/mpu6050.c.obj
LOAD CMakeFiles/demo.elf.dir/HardWare/MPU6050/mpu6050_user.c.obj
LOAD CMakeFiles/demo.elf.dir/User/PID.c.obj
LOAD CMakeFiles/demo.elf.dir/User/UserMain.c.obj
START GROUP
LOAD d:/embeddedsoftware/env/gcc-arm-none-eabi-10.3-2021.10/bin/../lib/gcc/arm-none-eabi/10.3.1/thumb/v7e-m/nofp\libgcc.a
LOAD d:/embeddedsoftware/env/gcc-arm-none-eabi-10.3-2021.10/bin/../lib/gcc/arm-none-eabi/10.3.1/../../../../arm-none-eabi/lib/thumb/v7e-m/nofp\libg.a
LOAD d:/embeddedsoftware/env/gcc-arm-none-eabi-10.3-2021.10/bin/../lib/gcc/arm-none-eabi/10.3.1/../../../../arm-none-eabi/lib/thumb/v7e-m/nofp\libc.a
END GROUP
LOAD d:/embeddedsoftware/env/gcc-arm-none-eabi-10.3-2021.10/bin/../lib/gcc/arm-none-eabi/10.3.1/thumb/v7e-m/nofp/crtend.o
LOAD d:/embeddedsoftware/env/gcc-arm-none-eabi-10.3-2021.10/bin/../lib/gcc/arm-none-eabi/10.3.1/thumb/v7e-m/nofp/crtn.o
                0x20010000                _estack = (ORIGIN (RAM) + LENGTH (RAM))
                0x00000200                _Min_Heap_Size = 0x200
                0x00000400                _Min_Stack_Size = 0x400

.isr_vector     0x08000000      0x194
                0x08000000                . = ALIGN (0x4)
 *(.isr_vector)
 .isr_vector    0x08000000      0x194 CMakeFiles/demo.elf.dir/Core/Startup/startup_stm32f401ccux.s.obj
                0x08000000                g_pfnVectors
                0x08000194                . = ALIGN (0x4)

.text           0x080001c0     0xfe64
                0x080001c0                . = ALIGN (0x4)
 *(.text)
 .text          0x080001c0       0x40 d:/embeddedsoftware/env/gcc-arm-none-eabi-10.3-2021.10/bin/../lib/gcc/arm-none-eabi/10.3.1/thumb/v7e-m/nofp/crtbegin.o
 .text          0x08000200      0x378 d:/embeddedsoftware/env/gcc-arm-none-eabi-10.3-2021.10/bin/../lib/gcc/arm-none-eabi/10.3.1/thumb/v7e-m/nofp\libgcc.a(_arm_addsubdf3.o)
                0x08000200                __aeabi_drsub
                0x08000208                __aeabi_dsub
                0x08000208                __subdf3
                0x0800020c                __aeabi_dadd
                0x0800020c                __adddf3
                0x08000484                __floatunsidf
                0x08000484                __aeabi_ui2d
                0x080004a4                __floatsidf
                0x080004a4                __aeabi_i2d
                0x080004c8                __aeabi_f2d
                0x080004c8                __extendsfdf2
                0x0800050c                __floatundidf
                0x0800050c                __aeabi_ul2d
                0x0800051c                __floatdidf
                0x0800051c                __aeabi_l2d
 .text          0x08000578      0x424 d:/embeddedsoftware/env/gcc-arm-none-eabi-10.3-2021.10/bin/../lib/gcc/arm-none-eabi/10.3.1/thumb/v7e-m/nofp\libgcc.a(_arm_muldivdf3.o)
                0x08000578                __aeabi_dmul
                0x08000578                __muldf3
                0x080007cc                __divdf3
                0x080007cc                __aeabi_ddiv
 .text          0x0800099c      0x110 d:/embeddedsoftware/env/gcc-arm-none-eabi-10.3-2021.10/bin/../lib/gcc/arm-none-eabi/10.3.1/thumb/v7e-m/nofp\libgcc.a(_arm_cmpdf2.o)
                0x0800099c                __gtdf2
                0x0800099c                __gedf2
                0x080009a4                __ltdf2
                0x080009a4                __ledf2
                0x080009ac                __nedf2
                0x080009ac                __eqdf2
                0x080009ac                __cmpdf2
                0x08000a28                __aeabi_cdrcmple
                0x08000a38                __aeabi_cdcmpeq
                0x08000a38                __aeabi_cdcmple
                0x08000a48                __aeabi_dcmpeq
                0x08000a5c                __aeabi_dcmplt
                0x08000a70                __aeabi_dcmple
                0x08000a84                __aeabi_dcmpge
                0x08000a98                __aeabi_dcmpgt
 .text          0x08000aac       0xa0 d:/embeddedsoftware/env/gcc-arm-none-eabi-10.3-2021.10/bin/../lib/gcc/arm-none-eabi/10.3.1/thumb/v7e-m/nofp\libgcc.a(_arm_truncdfsf2.o)
                0x08000aac                __truncdfsf2
                0x08000aac                __aeabi_d2f
 .text          0x08000b4c      0x21c d:/embeddedsoftware/env/gcc-arm-none-eabi-10.3-2021.10/bin/../lib/gcc/arm-none-eabi/10.3.1/thumb/v7e-m/nofp\libgcc.a(_arm_addsubsf3.o)
                0x08000b4c                __aeabi_frsub
                0x08000b54                __subsf3
                0x08000b54                __aeabi_fsub
                0x08000b58                __aeabi_fadd
                0x08000b58                __addsf3
                0x08000cb8                __aeabi_ui2f
                0x08000cb8                __floatunsisf
                0x08000cc0                __aeabi_i2f
                0x08000cc0                __floatsisf
                0x08000cdc                __aeabi_ul2f
                0x08000cdc                __floatundisf
                0x08000cec                __aeabi_l2f
                0x08000cec                __floatdisf
 .text          0x08000d68      0x2a0 d:/embeddedsoftware/env/gcc-arm-none-eabi-10.3-2021.10/bin/../lib/gcc/arm-none-eabi/10.3.1/thumb/v7e-m/nofp\libgcc.a(_arm_muldivsf3.o)
                0x08000d68                __mulsf3
                0x08000d68                __aeabi_fmul
                0x08000ed0                __aeabi_fdiv
                0x08000ed0                __divsf3
 .text          0x08001008       0xec d:/embeddedsoftware/env/gcc-arm-none-eabi-10.3-2021.10/bin/../lib/gcc/arm-none-eabi/10.3.1/thumb/v7e-m/nofp\libgcc.a(_arm_cmpsf2.o)
                0x08001008                __gesf2
                0x08001008                __gtsf2
                0x08001010                __lesf2
                0x08001010                __ltsf2
                0x08001018                __nesf2
                0x08001018                __eqsf2
                0x08001018                __cmpsf2
                0x08001078                __aeabi_cfrcmple
                0x08001080                __aeabi_cfcmpeq
                0x08001080                __aeabi_cfcmple
                0x08001090                __aeabi_fcmpeq
                0x080010a4                __aeabi_fcmplt
                0x080010b8                __aeabi_fcmple
                0x080010cc                __aeabi_fcmpge
                0x080010e0                __aeabi_fcmpgt
 .text          0x080010f4       0x4c d:/embeddedsoftware/env/gcc-arm-none-eabi-10.3-2021.10/bin/../lib/gcc/arm-none-eabi/10.3.1/thumb/v7e-m/nofp\libgcc.a(_arm_fixsfsi.o)
                0x080010f4                __aeabi_f2iz
                0x080010f4                __fixsfsi
 .text          0x08001140       0x40 d:/embeddedsoftware/env/gcc-arm-none-eabi-10.3-2021.10/bin/../lib/gcc/arm-none-eabi/10.3.1/thumb/v7e-m/nofp\libgcc.a(_arm_fixunssfsi.o)
                0x08001140                __fixunssfsi
                0x08001140                __aeabi_f2uiz
 .text          0x08001180       0xa0 d:/embeddedsoftware/env/gcc-arm-none-eabi-10.3-2021.10/bin/../lib/gcc/arm-none-eabi/10.3.1/thumb/v7e-m/nofp\libgcc.a(_aeabi_ldivmod.o)
                0x08001180                __aeabi_ldivmod
 .text          0x08001220       0x30 d:/embeddedsoftware/env/gcc-arm-none-eabi-10.3-2021.10/bin/../lib/gcc/arm-none-eabi/10.3.1/thumb/v7e-m/nofp\libgcc.a(_aeabi_uldivmod.o)
                0x08001220                __aeabi_uldivmod
 .text          0x08001250      0x2d0 d:/embeddedsoftware/env/gcc-arm-none-eabi-10.3-2021.10/bin/../lib/gcc/arm-none-eabi/10.3.1/thumb/v7e-m/nofp\libgcc.a(_udivmoddi4.o)
                0x08001250                __udivmoddi4
 .text          0x08001520        0x4 d:/embeddedsoftware/env/gcc-arm-none-eabi-10.3-2021.10/bin/../lib/gcc/arm-none-eabi/10.3.1/thumb/v7e-m/nofp\libgcc.a(_dvmd_tls.o)
                0x08001520                __aeabi_idiv0
                0x08001520                __aeabi_ldiv0
 *fill*         0x08001524       0x1c 
 .text          0x08001540       0xdc d:/embeddedsoftware/env/gcc-arm-none-eabi-10.3-2021.10/bin/../lib/gcc/arm-none-eabi/10.3.1/../../../../arm-none-eabi/lib/thumb/v7e-m/nofp\libg.a(lib_a-strlen.o)
                0x08001540                strlen
 *fill*         0x0800161c        0x4 
 .text          0x08001620       0xa0 d:/embeddedsoftware/env/gcc-arm-none-eabi-10.3-2021.10/bin/../lib/gcc/arm-none-eabi/10.3.1/../../../../arm-none-eabi/lib/thumb/v7e-m/nofp\libg.a(lib_a-memchr.o)
                0x08001620                memchr
 .text          0x080016c0      0x134 d:/embeddedsoftware/env/gcc-arm-none-eabi-10.3-2021.10/bin/../lib/gcc/arm-none-eabi/10.3.1/../../../../arm-none-eabi/lib/thumb/v7e-m/nofp\libg.a(lib_a-memcpy.o)
                0x080016c0                memcpy
 .text          0x080017f4       0x2c d:/embeddedsoftware/env/gcc-arm-none-eabi-10.3-2021.10/bin/../lib/gcc/arm-none-eabi/10.3.1/thumb/v7e-m/nofp\libgcc.a(_arm_unorddf2.o)
                0x080017f4                __unorddf2
                0x080017f4                __aeabi_dcmpun
 .text          0x08001820       0x50 d:/embeddedsoftware/env/gcc-arm-none-eabi-10.3-2021.10/bin/../lib/gcc/arm-none-eabi/10.3.1/thumb/v7e-m/nofp\libgcc.a(_arm_fixdfsi.o)
                0x08001820                __aeabi_d2iz
                0x08001820                __fixdfsi
 *(.text*)
 .text.MX_GPIO_Init
                0x08001870       0xb4 CMakeFiles/demo.elf.dir/Core/Src/main.c.obj
 .text.Error_Handler
                0x08001924        0x4 CMakeFiles/demo.elf.dir/Core/Src/main.c.obj
                0x08001924                Error_Handler
 .text.MX_TIM2_Init
                0x08001928       0x68 CMakeFiles/demo.elf.dir/Core/Src/main.c.obj
 .text.MX_TIM1_Init
                0x08001990       0xf0 CMakeFiles/demo.elf.dir/Core/Src/main.c.obj
 .text.MX_TIM3_Init
                0x08001a80       0x60 CMakeFiles/demo.elf.dir/Core/Src/main.c.obj
 .text.MX_TIM4_Init
                0x08001ae0       0x60 CMakeFiles/demo.elf.dir/Core/Src/main.c.obj
 .text.MX_USART2_UART_Init
                0x08001b40       0x34 CMakeFiles/demo.elf.dir/Core/Src/main.c.obj
 .text.MX_I2C1_Init
                0x08001b74       0x38 CMakeFiles/demo.elf.dir/Core/Src/main.c.obj
 .text.MX_SPI1_Init
                0x08001bac       0x40 CMakeFiles/demo.elf.dir/Core/Src/main.c.obj
 .text.MX_USART6_UART_Init
                0x08001bec       0x34 CMakeFiles/demo.elf.dir/Core/Src/main.c.obj
 .text.MX_ADC1_Init
                0x08001c20       0x6c CMakeFiles/demo.elf.dir/Core/Src/main.c.obj
 .text.SystemClock_Config
                0x08001c8c       0xa8 CMakeFiles/demo.elf.dir/Core/Src/main.c.obj
                0x08001c8c                SystemClock_Config
 .text.main     0x08001d34       0x40 CMakeFiles/demo.elf.dir/Core/Src/main.c.obj
                0x08001d34                main
 .text.HAL_MspInit
                0x08001d74       0x38 CMakeFiles/demo.elf.dir/Core/Src/stm32f4xx_hal_msp.c.obj
                0x08001d74                HAL_MspInit
 .text.HAL_ADC_MspInit
                0x08001dac       0x68 CMakeFiles/demo.elf.dir/Core/Src/stm32f4xx_hal_msp.c.obj
                0x08001dac                HAL_ADC_MspInit
 .text.HAL_I2C_MspInit
                0x08001e14       0x70 CMakeFiles/demo.elf.dir/Core/Src/stm32f4xx_hal_msp.c.obj
                0x08001e14                HAL_I2C_MspInit
 .text.HAL_SPI_MspInit
                0x08001e84       0x98 CMakeFiles/demo.elf.dir/Core/Src/stm32f4xx_hal_msp.c.obj
                0x08001e84                HAL_SPI_MspInit
 .text.HAL_TIM_Base_MspInit
                0x08001f1c       0x64 CMakeFiles/demo.elf.dir/Core/Src/stm32f4xx_hal_msp.c.obj
                0x08001f1c                HAL_TIM_Base_MspInit
 .text.HAL_TIM_Encoder_MspInit
                0x08001f80       0xd8 CMakeFiles/demo.elf.dir/Core/Src/stm32f4xx_hal_msp.c.obj
                0x08001f80                HAL_TIM_Encoder_MspInit
 .text.HAL_TIM_MspPostInit
                0x08002058       0x5c CMakeFiles/demo.elf.dir/Core/Src/stm32f4xx_hal_msp.c.obj
                0x08002058                HAL_TIM_MspPostInit
 .text.HAL_UART_MspInit
                0x080020b4       0xd0 CMakeFiles/demo.elf.dir/Core/Src/stm32f4xx_hal_msp.c.obj
                0x080020b4                HAL_UART_MspInit
 .text.NMI_Handler
                0x08002184        0x2 CMakeFiles/demo.elf.dir/Core/Src/stm32f4xx_it.c.obj
                0x08002184                NMI_Handler
 .text.HardFault_Handler
                0x08002186        0x2 CMakeFiles/demo.elf.dir/Core/Src/stm32f4xx_it.c.obj
                0x08002186                HardFault_Handler
 .text.MemManage_Handler
                0x08002188        0x2 CMakeFiles/demo.elf.dir/Core/Src/stm32f4xx_it.c.obj
                0x08002188                MemManage_Handler
 .text.BusFault_Handler
                0x0800218a        0x2 CMakeFiles/demo.elf.dir/Core/Src/stm32f4xx_it.c.obj
                0x0800218a                BusFault_Handler
 .text.UsageFault_Handler
                0x0800218c        0x2 CMakeFiles/demo.elf.dir/Core/Src/stm32f4xx_it.c.obj
                0x0800218c                UsageFault_Handler
 .text.SVC_Handler
                0x0800218e        0x2 CMakeFiles/demo.elf.dir/Core/Src/stm32f4xx_it.c.obj
                0x0800218e                SVC_Handler
 .text.DebugMon_Handler
                0x08002190        0x2 CMakeFiles/demo.elf.dir/Core/Src/stm32f4xx_it.c.obj
                0x08002190                DebugMon_Handler
 .text.PendSV_Handler
                0x08002192        0x2 CMakeFiles/demo.elf.dir/Core/Src/stm32f4xx_it.c.obj
                0x08002192                PendSV_Handler
 .text.SysTick_Handler
                0x08002194        0x8 CMakeFiles/demo.elf.dir/Core/Src/stm32f4xx_it.c.obj
                0x08002194                SysTick_Handler
 .text.EXTI1_IRQHandler
                0x0800219c        0xa CMakeFiles/demo.elf.dir/Core/Src/stm32f4xx_it.c.obj
                0x0800219c                EXTI1_IRQHandler
 *fill*         0x080021a6        0x2 
 .text.TIM2_IRQHandler
                0x080021a8       0x10 CMakeFiles/demo.elf.dir/Core/Src/stm32f4xx_it.c.obj
                0x080021a8                TIM2_IRQHandler
 .text.TIM3_IRQHandler
                0x080021b8       0x10 CMakeFiles/demo.elf.dir/Core/Src/stm32f4xx_it.c.obj
                0x080021b8                TIM3_IRQHandler
 .text.TIM4_IRQHandler
                0x080021c8       0x10 CMakeFiles/demo.elf.dir/Core/Src/stm32f4xx_it.c.obj
                0x080021c8                TIM4_IRQHandler
 .text.USART2_IRQHandler
                0x080021d8       0x10 CMakeFiles/demo.elf.dir/Core/Src/stm32f4xx_it.c.obj
                0x080021d8                USART2_IRQHandler
 .text._getpid  0x080021e8        0x4 CMakeFiles/demo.elf.dir/Core/Src/syscalls.c.obj
                0x080021e8                _getpid
 .text._kill    0x080021ec       0x10 CMakeFiles/demo.elf.dir/Core/Src/syscalls.c.obj
                0x080021ec                _kill
 .text._exit    0x080021fc        0xc CMakeFiles/demo.elf.dir/Core/Src/syscalls.c.obj
                0x080021fc                _exit
 .text._read    0x08002208       0x20 CMakeFiles/demo.elf.dir/Core/Src/syscalls.c.obj
                0x08002208                _read
 .text._write   0x08002228       0x1c CMakeFiles/demo.elf.dir/Core/Src/syscalls.c.obj
                0x08002228                _write
 .text._close   0x08002244        0x6 CMakeFiles/demo.elf.dir/Core/Src/syscalls.c.obj
                0x08002244                _close
 .text._fstat   0x0800224a        0xa CMakeFiles/demo.elf.dir/Core/Src/syscalls.c.obj
                0x0800224a                _fstat
 .text._isatty  0x08002254        0x4 CMakeFiles/demo.elf.dir/Core/Src/syscalls.c.obj
                0x08002254                _isatty
 .text._lseek   0x08002258        0x4 CMakeFiles/demo.elf.dir/Core/Src/syscalls.c.obj
                0x08002258                _lseek
 .text._sbrk    0x0800225c       0x48 CMakeFiles/demo.elf.dir/Core/Src/sysmem.c.obj
                0x0800225c                _sbrk
 .text.SystemInit
                0x080022a4        0x2 CMakeFiles/demo.elf.dir/Core/Src/system_stm32f4xx.c.obj
                0x080022a4                SystemInit
 *fill*         0x080022a6        0x2 
 .text.Reset_Handler
                0x080022a8       0x50 CMakeFiles/demo.elf.dir/Core/Startup/startup_stm32f401ccux.s.obj
                0x080022a8                Reset_Handler
 .text.Default_Handler
                0x080022f8        0x2 CMakeFiles/demo.elf.dir/Core/Startup/startup_stm32f401ccux.s.obj
                0x080022f8                RTC_Alarm_IRQHandler
                0x080022f8                EXTI2_IRQHandler
                0x080022f8                SPI4_IRQHandler
                0x080022f8                TIM1_CC_IRQHandler
                0x080022f8                DMA2_Stream5_IRQHandler
                0x080022f8                DMA1_Stream5_IRQHandler
                0x080022f8                PVD_IRQHandler
                0x080022f8                SDIO_IRQHandler
                0x080022f8                TAMP_STAMP_IRQHandler
                0x080022f8                EXTI3_IRQHandler
                0x080022f8                TIM1_UP_TIM10_IRQHandler
                0x080022f8                I2C3_ER_IRQHandler
                0x080022f8                EXTI0_IRQHandler
                0x080022f8                I2C2_EV_IRQHandler
                0x080022f8                DMA1_Stream2_IRQHandler
                0x080022f8                FPU_IRQHandler
                0x080022f8                DMA2_Stream2_IRQHandler
                0x080022f8                SPI1_IRQHandler
                0x080022f8                TIM1_BRK_TIM9_IRQHandler
                0x080022f8                DMA2_Stream3_IRQHandler
                0x080022f8                USART6_IRQHandler
                0x080022f8                DMA2_Stream0_IRQHandler
                0x080022f8                I2C1_EV_IRQHandler
                0x080022f8                DMA1_Stream6_IRQHandler
                0x080022f8                DMA1_Stream1_IRQHandler
                0x080022f8                RCC_IRQHandler
                0x080022f8                Default_Handler
                0x080022f8                EXTI15_10_IRQHandler
                0x080022f8                ADC_IRQHandler
                0x080022f8                DMA1_Stream7_IRQHandler
                0x080022f8                TIM5_IRQHandler
                0x080022f8                DMA2_Stream7_IRQHandler
                0x080022f8                I2C3_EV_IRQHandler
                0x080022f8                EXTI9_5_IRQHandler
                0x080022f8                RTC_WKUP_IRQHandler
                0x080022f8                SPI2_IRQHandler
                0x080022f8                DMA1_Stream0_IRQHandler
                0x080022f8                EXTI4_IRQHandler
                0x080022f8                WWDG_IRQHandler
                0x080022f8                OTG_FS_WKUP_IRQHandler
                0x080022f8                TIM1_TRG_COM_TIM11_IRQHandler
                0x080022f8                I2C2_ER_IRQHandler
                0x080022f8                DMA2_Stream1_IRQHandler
                0x080022f8                FLASH_IRQHandler
                0x080022f8                DMA2_Stream4_IRQHandler
                0x080022f8                USART1_IRQHandler
                0x080022f8                OTG_FS_IRQHandler
                0x080022f8                SPI3_IRQHandler
                0x080022f8                DMA1_Stream4_IRQHandler
                0x080022f8                I2C1_ER_IRQHandler
                0x080022f8                DMA2_Stream6_IRQHandler
                0x080022f8                DMA1_Stream3_IRQHandler
 *fill*         0x080022fa        0x2 
 .text.HAL_InitTick
                0x080022fc       0x4c CMakeFiles/demo.elf.dir/Drivers/STM32F4xx_HAL_Driver/Src/stm32f4xx_hal.c.obj
                0x080022fc                HAL_InitTick
 .text.HAL_Init
                0x08002348       0x34 CMakeFiles/demo.elf.dir/Drivers/STM32F4xx_HAL_Driver/Src/stm32f4xx_hal.c.obj
                0x08002348                HAL_Init
 .text.HAL_IncTick
                0x0800237c       0x18 CMakeFiles/demo.elf.dir/Drivers/STM32F4xx_HAL_Driver/Src/stm32f4xx_hal.c.obj
                0x0800237c                HAL_IncTick
 .text.HAL_GetTick
                0x08002394        0xc CMakeFiles/demo.elf.dir/Drivers/STM32F4xx_HAL_Driver/Src/stm32f4xx_hal.c.obj
                0x08002394                HAL_GetTick
 .text.HAL_Delay
                0x080023a0       0x28 CMakeFiles/demo.elf.dir/Drivers/STM32F4xx_HAL_Driver/Src/stm32f4xx_hal.c.obj
                0x080023a0                HAL_Delay
 .text.ADC_Init
                0x080023c8      0x134 CMakeFiles/demo.elf.dir/Drivers/STM32F4xx_HAL_Driver/Src/stm32f4xx_hal_adc.c.obj
 .text.HAL_ADC_Init
                0x080024fc       0x56 CMakeFiles/demo.elf.dir/Drivers/STM32F4xx_HAL_Driver/Src/stm32f4xx_hal_adc.c.obj
                0x080024fc                HAL_ADC_Init
 *fill*         0x08002552        0x2 
 .text.HAL_ADC_ConfigChannel
                0x08002554      0x198 CMakeFiles/demo.elf.dir/Drivers/STM32F4xx_HAL_Driver/Src/stm32f4xx_hal_adc.c.obj
                0x08002554                HAL_ADC_ConfigChannel
 .text.HAL_NVIC_SetPriorityGrouping
                0x080026ec       0x24 CMakeFiles/demo.elf.dir/Drivers/STM32F4xx_HAL_Driver/Src/stm32f4xx_hal_cortex.c.obj
                0x080026ec                HAL_NVIC_SetPriorityGrouping
 .text.HAL_NVIC_SetPriority
                0x08002710       0x70 CMakeFiles/demo.elf.dir/Drivers/STM32F4xx_HAL_Driver/Src/stm32f4xx_hal_cortex.c.obj
                0x08002710                HAL_NVIC_SetPriority
 .text.HAL_NVIC_EnableIRQ
                0x08002780       0x1c CMakeFiles/demo.elf.dir/Drivers/STM32F4xx_HAL_Driver/Src/stm32f4xx_hal_cortex.c.obj
                0x08002780                HAL_NVIC_EnableIRQ
 .text.HAL_SYSTICK_Config
                0x0800279c       0x28 CMakeFiles/demo.elf.dir/Drivers/STM32F4xx_HAL_Driver/Src/stm32f4xx_hal_cortex.c.obj
                0x0800279c                HAL_SYSTICK_Config
 .text.HAL_DMA_Abort
                0x080027c4       0x94 CMakeFiles/demo.elf.dir/Drivers/STM32F4xx_HAL_Driver/Src/stm32f4xx_hal_dma.c.obj
                0x080027c4                HAL_DMA_Abort
 .text.HAL_DMA_Abort_IT
                0x08002858       0x26 CMakeFiles/demo.elf.dir/Drivers/STM32F4xx_HAL_Driver/Src/stm32f4xx_hal_dma.c.obj
                0x08002858                HAL_DMA_Abort_IT
 *fill*         0x0800287e        0x2 
 .text.HAL_GPIO_Init
                0x08002880      0x1c0 CMakeFiles/demo.elf.dir/Drivers/STM32F4xx_HAL_Driver/Src/stm32f4xx_hal_gpio.c.obj
                0x08002880                HAL_GPIO_Init
 .text.HAL_GPIO_WritePin
                0x08002a40        0xc CMakeFiles/demo.elf.dir/Drivers/STM32F4xx_HAL_Driver/Src/stm32f4xx_hal_gpio.c.obj
                0x08002a40                HAL_GPIO_WritePin
 .text.HAL_GPIO_EXTI_IRQHandler
                0x08002a4c       0x1c CMakeFiles/demo.elf.dir/Drivers/STM32F4xx_HAL_Driver/Src/stm32f4xx_hal_gpio.c.obj
                0x08002a4c                HAL_GPIO_EXTI_IRQHandler
 .text.I2C_IsAcknowledgeFailed
                0x08002a68       0x32 CMakeFiles/demo.elf.dir/Drivers/STM32F4xx_HAL_Driver/Src/stm32f4xx_hal_i2c.c.obj
 .text.I2C_WaitOnFlagUntilTimeout
                0x08002a9a       0x7c CMakeFiles/demo.elf.dir/Drivers/STM32F4xx_HAL_Driver/Src/stm32f4xx_hal_i2c.c.obj
 .text.I2C_WaitOnMasterAddressFlagUntilTimeout
                0x08002b16       0xaa CMakeFiles/demo.elf.dir/Drivers/STM32F4xx_HAL_Driver/Src/stm32f4xx_hal_i2c.c.obj
 .text.I2C_WaitOnTXEFlagUntilTimeout
                0x08002bc0       0x54 CMakeFiles/demo.elf.dir/Drivers/STM32F4xx_HAL_Driver/Src/stm32f4xx_hal_i2c.c.obj
 .text.I2C_RequestMemoryWrite
                0x08002c14       0xd8 CMakeFiles/demo.elf.dir/Drivers/STM32F4xx_HAL_Driver/Src/stm32f4xx_hal_i2c.c.obj
 .text.I2C_RequestMemoryRead
                0x08002cec      0x154 CMakeFiles/demo.elf.dir/Drivers/STM32F4xx_HAL_Driver/Src/stm32f4xx_hal_i2c.c.obj
 .text.I2C_WaitOnBTFFlagUntilTimeout
                0x08002e40       0x54 CMakeFiles/demo.elf.dir/Drivers/STM32F4xx_HAL_Driver/Src/stm32f4xx_hal_i2c.c.obj
 .text.I2C_WaitOnRXNEFlagUntilTimeout
                0x08002e94       0x6a CMakeFiles/demo.elf.dir/Drivers/STM32F4xx_HAL_Driver/Src/stm32f4xx_hal_i2c.c.obj
 *fill*         0x08002efe        0x2 
 .text.HAL_I2C_Init
                0x08002f00      0x1bc CMakeFiles/demo.elf.dir/Drivers/STM32F4xx_HAL_Driver/Src/stm32f4xx_hal_i2c.c.obj
                0x08002f00                HAL_I2C_Init
 .text.HAL_I2C_Mem_Write
                0x080030bc      0x164 CMakeFiles/demo.elf.dir/Drivers/STM32F4xx_HAL_Driver/Src/stm32f4xx_hal_i2c.c.obj
                0x080030bc                HAL_I2C_Mem_Write
 .text.HAL_I2C_Mem_Read
                0x08003220      0x2e4 CMakeFiles/demo.elf.dir/Drivers/STM32F4xx_HAL_Driver/Src/stm32f4xx_hal_i2c.c.obj
                0x08003220                HAL_I2C_Mem_Read
 .text.HAL_RCC_OscConfig
                0x08003504      0x3f8 CMakeFiles/demo.elf.dir/Drivers/STM32F4xx_HAL_Driver/Src/stm32f4xx_hal_rcc.c.obj
                0x08003504                HAL_RCC_OscConfig
 .text.HAL_RCC_GetSysClockFreq
                0x080038fc       0xa4 CMakeFiles/demo.elf.dir/Drivers/STM32F4xx_HAL_Driver/Src/stm32f4xx_hal_rcc.c.obj
                0x080038fc                HAL_RCC_GetSysClockFreq
 .text.HAL_RCC_ClockConfig
                0x080039a0      0x160 CMakeFiles/demo.elf.dir/Drivers/STM32F4xx_HAL_Driver/Src/stm32f4xx_hal_rcc.c.obj
                0x080039a0                HAL_RCC_ClockConfig
 .text.HAL_RCC_GetHCLKFreq
                0x08003b00        0xc CMakeFiles/demo.elf.dir/Drivers/STM32F4xx_HAL_Driver/Src/stm32f4xx_hal_rcc.c.obj
                0x08003b00                HAL_RCC_GetHCLKFreq
 .text.HAL_RCC_GetPCLK1Freq
                0x08003b0c       0x20 CMakeFiles/demo.elf.dir/Drivers/STM32F4xx_HAL_Driver/Src/stm32f4xx_hal_rcc.c.obj
                0x08003b0c                HAL_RCC_GetPCLK1Freq
 .text.HAL_RCC_GetPCLK2Freq
                0x08003b2c       0x20 CMakeFiles/demo.elf.dir/Drivers/STM32F4xx_HAL_Driver/Src/stm32f4xx_hal_rcc.c.obj
                0x08003b2c                HAL_RCC_GetPCLK2Freq
 .text.HAL_SPI_Init
                0x08003b4c       0xbe CMakeFiles/demo.elf.dir/Drivers/STM32F4xx_HAL_Driver/Src/stm32f4xx_hal_spi.c.obj
                0x08003b4c                HAL_SPI_Init
 *fill*         0x08003c0a        0x2 
 .text.TIM_OC1_SetConfig
                0x08003c0c       0x5c CMakeFiles/demo.elf.dir/Drivers/STM32F4xx_HAL_Driver/Src/stm32f4xx_hal_tim.c.obj
 .text.TIM_OC3_SetConfig
                0x08003c68       0x64 CMakeFiles/demo.elf.dir/Drivers/STM32F4xx_HAL_Driver/Src/stm32f4xx_hal_tim.c.obj
 .text.TIM_OC4_SetConfig
                0x08003ccc       0x48 CMakeFiles/demo.elf.dir/Drivers/STM32F4xx_HAL_Driver/Src/stm32f4xx_hal_tim.c.obj
 .text.TIM_TI1_ConfigInputStage
                0x08003d14       0x24 CMakeFiles/demo.elf.dir/Drivers/STM32F4xx_HAL_Driver/Src/stm32f4xx_hal_tim.c.obj
 .text.TIM_TI2_ConfigInputStage
                0x08003d38       0x26 CMakeFiles/demo.elf.dir/Drivers/STM32F4xx_HAL_Driver/Src/stm32f4xx_hal_tim.c.obj
 .text.TIM_ITRx_SetConfig
                0x08003d5e       0x10 CMakeFiles/demo.elf.dir/Drivers/STM32F4xx_HAL_Driver/Src/stm32f4xx_hal_tim.c.obj
 *fill*         0x08003d6e        0x2 
 .text.HAL_TIM_Base_Start_IT
                0x08003d70       0x78 CMakeFiles/demo.elf.dir/Drivers/STM32F4xx_HAL_Driver/Src/stm32f4xx_hal_tim.c.obj
                0x08003d70                HAL_TIM_Base_Start_IT
 .text.HAL_TIM_PWM_MspInit
                0x08003de8        0x2 CMakeFiles/demo.elf.dir/Drivers/STM32F4xx_HAL_Driver/Src/stm32f4xx_hal_tim.c.obj
                0x08003de8                HAL_TIM_PWM_MspInit
 .text.HAL_TIM_OC_DelayElapsedCallback
                0x08003dea        0x2 CMakeFiles/demo.elf.dir/Drivers/STM32F4xx_HAL_Driver/Src/stm32f4xx_hal_tim.c.obj
                0x08003dea                HAL_TIM_OC_DelayElapsedCallback
 .text.HAL_TIM_IC_CaptureCallback
                0x08003dec        0x2 CMakeFiles/demo.elf.dir/Drivers/STM32F4xx_HAL_Driver/Src/stm32f4xx_hal_tim.c.obj
                0x08003dec                HAL_TIM_IC_CaptureCallback
 .text.HAL_TIM_PWM_PulseFinishedCallback
                0x08003dee        0x2 CMakeFiles/demo.elf.dir/Drivers/STM32F4xx_HAL_Driver/Src/stm32f4xx_hal_tim.c.obj
                0x08003dee                HAL_TIM_PWM_PulseFinishedCallback
 .text.HAL_TIM_TriggerCallback
                0x08003df0        0x2 CMakeFiles/demo.elf.dir/Drivers/STM32F4xx_HAL_Driver/Src/stm32f4xx_hal_tim.c.obj
                0x08003df0                HAL_TIM_TriggerCallback
 .text.HAL_TIM_IRQHandler
                0x08003df2      0x17a CMakeFiles/demo.elf.dir/Drivers/STM32F4xx_HAL_Driver/Src/stm32f4xx_hal_tim.c.obj
                0x08003df2                HAL_TIM_IRQHandler
 .text.TIM_Base_SetConfig
                0x08003f6c       0x9c CMakeFiles/demo.elf.dir/Drivers/STM32F4xx_HAL_Driver/Src/stm32f4xx_hal_tim.c.obj
                0x08003f6c                TIM_Base_SetConfig
 .text.HAL_TIM_Base_Init
                0x08004008       0x58 CMakeFiles/demo.elf.dir/Drivers/STM32F4xx_HAL_Driver/Src/stm32f4xx_hal_tim.c.obj
                0x08004008                HAL_TIM_Base_Init
 .text.HAL_TIM_PWM_Init
                0x08004060       0x58 CMakeFiles/demo.elf.dir/Drivers/STM32F4xx_HAL_Driver/Src/stm32f4xx_hal_tim.c.obj
                0x08004060                HAL_TIM_PWM_Init
 .text.HAL_TIM_Encoder_Init
                0x080040b8       0xb8 CMakeFiles/demo.elf.dir/Drivers/STM32F4xx_HAL_Driver/Src/stm32f4xx_hal_tim.c.obj
                0x080040b8                HAL_TIM_Encoder_Init
 .text.TIM_OC2_SetConfig
                0x08004170       0x64 CMakeFiles/demo.elf.dir/Drivers/STM32F4xx_HAL_Driver/Src/stm32f4xx_hal_tim.c.obj
                0x08004170                TIM_OC2_SetConfig
 .text.HAL_TIM_PWM_ConfigChannel
                0x080041d4       0xdc CMakeFiles/demo.elf.dir/Drivers/STM32F4xx_HAL_Driver/Src/stm32f4xx_hal_tim.c.obj
                0x080041d4                HAL_TIM_PWM_ConfigChannel
 .text.TIM_ETR_SetConfig
                0x080042b0       0x18 CMakeFiles/demo.elf.dir/Drivers/STM32F4xx_HAL_Driver/Src/stm32f4xx_hal_tim.c.obj
                0x080042b0                TIM_ETR_SetConfig
 .text.HAL_TIM_ConfigClockSource
                0x080042c8       0xfe CMakeFiles/demo.elf.dir/Drivers/STM32F4xx_HAL_Driver/Src/stm32f4xx_hal_tim.c.obj
                0x080042c8                HAL_TIM_ConfigClockSource
 .text.TIM_CCxChannelCmd
                0x080043c6       0x1e CMakeFiles/demo.elf.dir/Drivers/STM32F4xx_HAL_Driver/Src/stm32f4xx_hal_tim.c.obj
                0x080043c6                TIM_CCxChannelCmd
 .text.HAL_TIM_PWM_Start
                0x080043e4       0xf0 CMakeFiles/demo.elf.dir/Drivers/STM32F4xx_HAL_Driver/Src/stm32f4xx_hal_tim.c.obj
                0x080043e4                HAL_TIM_PWM_Start
 .text.HAL_TIM_Encoder_Start
                0x080044d4       0xcc CMakeFiles/demo.elf.dir/Drivers/STM32F4xx_HAL_Driver/Src/stm32f4xx_hal_tim.c.obj
                0x080044d4                HAL_TIM_Encoder_Start
 .text.HAL_TIMEx_MasterConfigSynchronization
                0x080045a0       0x7c CMakeFiles/demo.elf.dir/Drivers/STM32F4xx_HAL_Driver/Src/stm32f4xx_hal_tim_ex.c.obj
                0x080045a0                HAL_TIMEx_MasterConfigSynchronization
 .text.HAL_TIMEx_ConfigBreakDeadTime
                0x0800461c       0x52 CMakeFiles/demo.elf.dir/Drivers/STM32F4xx_HAL_Driver/Src/stm32f4xx_hal_tim_ex.c.obj
                0x0800461c                HAL_TIMEx_ConfigBreakDeadTime
 .text.HAL_TIMEx_CommutCallback
                0x0800466e        0x2 CMakeFiles/demo.elf.dir/Drivers/STM32F4xx_HAL_Driver/Src/stm32f4xx_hal_tim_ex.c.obj
                0x0800466e                HAL_TIMEx_CommutCallback
 .text.HAL_TIMEx_BreakCallback
                0x08004670        0x2 CMakeFiles/demo.elf.dir/Drivers/STM32F4xx_HAL_Driver/Src/stm32f4xx_hal_tim_ex.c.obj
                0x08004670                HAL_TIMEx_BreakCallback
 .text.UART_EndRxTransfer
                0x08004672       0x5c CMakeFiles/demo.elf.dir/Drivers/STM32F4xx_HAL_Driver/Src/stm32f4xx_hal_uart.c.obj
 .text.UART_Transmit_IT
                0x080046ce       0x60 CMakeFiles/demo.elf.dir/Drivers/STM32F4xx_HAL_Driver/Src/stm32f4xx_hal_uart.c.obj
 *fill*         0x0800472e        0x2 
 .text.UART_SetConfig
                0x08004730      0x110 CMakeFiles/demo.elf.dir/Drivers/STM32F4xx_HAL_Driver/Src/stm32f4xx_hal_uart.c.obj
 .text.UART_WaitOnFlagUntilTimeout
                0x08004840       0x88 CMakeFiles/demo.elf.dir/Drivers/STM32F4xx_HAL_Driver/Src/stm32f4xx_hal_uart.c.obj
 .text.HAL_UART_Init
                0x080048c8       0x5e CMakeFiles/demo.elf.dir/Drivers/STM32F4xx_HAL_Driver/Src/stm32f4xx_hal_uart.c.obj
                0x080048c8                HAL_UART_Init
 .text.HAL_UART_Transmit
                0x08004926       0xd8 CMakeFiles/demo.elf.dir/Drivers/STM32F4xx_HAL_Driver/Src/stm32f4xx_hal_uart.c.obj
                0x08004926                HAL_UART_Transmit
 .text.HAL_UART_TxCpltCallback
                0x080049fe        0x2 CMakeFiles/demo.elf.dir/Drivers/STM32F4xx_HAL_Driver/Src/stm32f4xx_hal_uart.c.obj
                0x080049fe                HAL_UART_TxCpltCallback
 .text.UART_EndTransmit_IT
                0x08004a00       0x1a CMakeFiles/demo.elf.dir/Drivers/STM32F4xx_HAL_Driver/Src/stm32f4xx_hal_uart.c.obj
 .text.HAL_UART_RxCpltCallback
                0x08004a1a        0x2 CMakeFiles/demo.elf.dir/Drivers/STM32F4xx_HAL_Driver/Src/stm32f4xx_hal_uart.c.obj
                0x08004a1a                HAL_UART_RxCpltCallback
 .text.HAL_UART_ErrorCallback
                0x08004a1c        0x2 CMakeFiles/demo.elf.dir/Drivers/STM32F4xx_HAL_Driver/Src/stm32f4xx_hal_uart.c.obj
                0x08004a1c                HAL_UART_ErrorCallback
 .text.UART_DMAAbortOnError
                0x08004a1e       0x10 CMakeFiles/demo.elf.dir/Drivers/STM32F4xx_HAL_Driver/Src/stm32f4xx_hal_uart.c.obj
 .text.UART_Receive_IT
                0x08004a2e       0xe2 CMakeFiles/demo.elf.dir/Drivers/STM32F4xx_HAL_Driver/Src/stm32f4xx_hal_uart.c.obj
 .text.HAL_UART_IRQHandler
                0x08004b10      0x280 CMakeFiles/demo.elf.dir/Drivers/STM32F4xx_HAL_Driver/Src/stm32f4xx_hal_uart.c.obj
                0x08004b10                HAL_UART_IRQHandler
 .text.UART_Start_Receive_IT
                0x08004d90       0x3a CMakeFiles/demo.elf.dir/Drivers/STM32F4xx_HAL_Driver/Src/stm32f4xx_hal_uart.c.obj
                0x08004d90                UART_Start_Receive_IT
 .text.HAL_UARTEx_ReceiveToIdle_IT
                0x08004dca       0x70 CMakeFiles/demo.elf.dir/Drivers/STM32F4xx_HAL_Driver/Src/stm32f4xx_hal_uart.c.obj
                0x08004dca                HAL_UARTEx_ReceiveToIdle_IT
 *fill*         0x08004e3a        0x2 
 .text.get_accel_prod_shift
                0x08004e3c       0xb8 CMakeFiles/demo.elf.dir/HardWare/MPU6050/inv_mpu.c.obj
 .text.gyro_self_test
                0x08004ef4       0xf8 CMakeFiles/demo.elf.dir/HardWare/MPU6050/inv_mpu.c.obj
 *fill*         0x08004fec        0x4 
 .text.accel_self_test
                0x08004ff0      0x114 CMakeFiles/demo.elf.dir/HardWare/MPU6050/inv_mpu.c.obj
 .text.set_int_enable
                0x08005104       0x90 CMakeFiles/demo.elf.dir/HardWare/MPU6050/inv_mpu.c.obj
 .text.get_st_biases
                0x08005194      0x3e4 CMakeFiles/demo.elf.dir/HardWare/MPU6050/inv_mpu.c.obj
 .text.mpu_reset_fifo
                0x08005578      0x1cc CMakeFiles/demo.elf.dir/HardWare/MPU6050/inv_mpu.c.obj
                0x08005578                mpu_reset_fifo
 .text.mpu_get_gyro_fsr
                0x08005744       0x3c CMakeFiles/demo.elf.dir/HardWare/MPU6050/inv_mpu.c.obj
                0x08005744                mpu_get_gyro_fsr
 .text.mpu_set_gyro_fsr
                0x08005780       0x94 CMakeFiles/demo.elf.dir/HardWare/MPU6050/inv_mpu.c.obj
                0x08005780                mpu_set_gyro_fsr
 .text.mpu_get_accel_fsr
                0x08005814       0x44 CMakeFiles/demo.elf.dir/HardWare/MPU6050/inv_mpu.c.obj
                0x08005814                mpu_get_accel_fsr
 .text.mpu_set_accel_fsr
                0x08005858       0x90 CMakeFiles/demo.elf.dir/HardWare/MPU6050/inv_mpu.c.obj
                0x08005858                mpu_set_accel_fsr
 .text.mpu_get_lpf
                0x080058e8       0x44 CMakeFiles/demo.elf.dir/HardWare/MPU6050/inv_mpu.c.obj
                0x080058e8                mpu_get_lpf
 .text.mpu_set_lpf
                0x0800592c       0x90 CMakeFiles/demo.elf.dir/HardWare/MPU6050/inv_mpu.c.obj
                0x0800592c                mpu_set_lpf
 .text.mpu_get_sample_rate
                0x080059bc       0x1c CMakeFiles/demo.elf.dir/HardWare/MPU6050/inv_mpu.c.obj
                0x080059bc                mpu_get_sample_rate
 .text.mpu_get_gyro_sens
                0x080059d8       0x4c CMakeFiles/demo.elf.dir/HardWare/MPU6050/inv_mpu.c.obj
                0x080059d8                mpu_get_gyro_sens
 .text.mpu_get_accel_sens
                0x08005a24       0x4c CMakeFiles/demo.elf.dir/HardWare/MPU6050/inv_mpu.c.obj
                0x08005a24                mpu_get_accel_sens
 .text.mpu_get_fifo_config
                0x08005a70       0x10 CMakeFiles/demo.elf.dir/HardWare/MPU6050/inv_mpu.c.obj
                0x08005a70                mpu_get_fifo_config
 .text.mpu_configure_fifo
                0x08005a80       0x64 CMakeFiles/demo.elf.dir/HardWare/MPU6050/inv_mpu.c.obj
                0x08005a80                mpu_configure_fifo
 .text.mpu_read_fifo_stream
                0x08005ae4       0xb8 CMakeFiles/demo.elf.dir/HardWare/MPU6050/inv_mpu.c.obj
                0x08005ae4                mpu_read_fifo_stream
 .text.mpu_set_bypass
                0x08005b9c      0x150 CMakeFiles/demo.elf.dir/HardWare/MPU6050/inv_mpu.c.obj
                0x08005b9c                mpu_set_bypass
 .text.mpu_set_int_latched
                0x08005cec       0x70 CMakeFiles/demo.elf.dir/HardWare/MPU6050/inv_mpu.c.obj
                0x08005cec                mpu_set_int_latched
 .text.mpu_lp_accel_mode
                0x08005d5c       0xd4 CMakeFiles/demo.elf.dir/HardWare/MPU6050/inv_mpu.c.obj
                0x08005d5c                mpu_lp_accel_mode
 .text.mpu_set_sample_rate
                0x08005e30       0x9c CMakeFiles/demo.elf.dir/HardWare/MPU6050/inv_mpu.c.obj
                0x08005e30                mpu_set_sample_rate
 .text.mpu_set_sensors
                0x08005ecc       0xdc CMakeFiles/demo.elf.dir/HardWare/MPU6050/inv_mpu.c.obj
                0x08005ecc                mpu_set_sensors
 .text.mpu_init
                0x08005fa8      0x1a8 CMakeFiles/demo.elf.dir/HardWare/MPU6050/inv_mpu.c.obj
                0x08005fa8                mpu_init
 .text.mpu_write_mem
                0x08006150       0x70 CMakeFiles/demo.elf.dir/HardWare/MPU6050/inv_mpu.c.obj
                0x08006150                mpu_write_mem
 .text.mpu_read_mem
                0x080061c0       0x70 CMakeFiles/demo.elf.dir/HardWare/MPU6050/inv_mpu.c.obj
                0x080061c0                mpu_read_mem
 .text.mpu_load_firmware
                0x08006230       0xb0 CMakeFiles/demo.elf.dir/HardWare/MPU6050/inv_mpu.c.obj
                0x08006230                mpu_load_firmware
 .text.mpu_set_dmp_state
                0x080062e0       0x88 CMakeFiles/demo.elf.dir/HardWare/MPU6050/inv_mpu.c.obj
                0x080062e0                mpu_set_dmp_state
 .text.mpu_run_self_test
                0x08006368      0x118 CMakeFiles/demo.elf.dir/HardWare/MPU6050/inv_mpu.c.obj
                0x08006368                mpu_run_self_test
 .text.run_self_test
                0x08006480       0x98 CMakeFiles/demo.elf.dir/HardWare/MPU6050/inv_mpu.c.obj
                0x08006480                run_self_test
 .text.inv_row_2_scale
                0x08006518       0x3a CMakeFiles/demo.elf.dir/HardWare/MPU6050/inv_mpu.c.obj
                0x08006518                inv_row_2_scale
 .text.inv_orientation_matrix_to_scalar
                0x08006552       0x24 CMakeFiles/demo.elf.dir/HardWare/MPU6050/inv_mpu.c.obj
                0x08006552                inv_orientation_matrix_to_scalar
 .text.mget_ms  0x08006576        0x2 CMakeFiles/demo.elf.dir/HardWare/MPU6050/inv_mpu.c.obj
                0x08006576                mget_ms
 .text.mpu_dmp_init
                0x08006578      0x15c CMakeFiles/demo.elf.dir/HardWare/MPU6050/inv_mpu.c.obj
                0x08006578                mpu_dmp_init
 *fill*         0x080066d4        0x4 
 .text.mpu_dmp_get_data
                0x080066d8      0x1c8 CMakeFiles/demo.elf.dir/HardWare/MPU6050/inv_mpu.c.obj
                0x080066d8                mpu_dmp_get_data
 .text.decode_gesture
                0x080068a0       0x3c CMakeFiles/demo.elf.dir/HardWare/MPU6050/inv_mpu_dmp_motion_driver.c.obj
 .text.dmp_load_motion_driver_firmware
                0x080068dc       0x18 CMakeFiles/demo.elf.dir/HardWare/MPU6050/inv_mpu_dmp_motion_driver.c.obj
                0x080068dc                dmp_load_motion_driver_firmware
 .text.dmp_set_orientation
                0x080068f4      0x14c CMakeFiles/demo.elf.dir/HardWare/MPU6050/inv_mpu_dmp_motion_driver.c.obj
                0x080068f4                dmp_set_orientation
 .text.dmp_set_gyro_bias
                0x08006a40      0x110 CMakeFiles/demo.elf.dir/HardWare/MPU6050/inv_mpu_dmp_motion_driver.c.obj
                0x08006a40                dmp_set_gyro_bias
 .text.dmp_set_accel_bias
                0x08006b50       0xf4 CMakeFiles/demo.elf.dir/HardWare/MPU6050/inv_mpu_dmp_motion_driver.c.obj
                0x08006b50                dmp_set_accel_bias
 .text.dmp_set_fifo_rate
                0x08006c44       0x68 CMakeFiles/demo.elf.dir/HardWare/MPU6050/inv_mpu_dmp_motion_driver.c.obj
                0x08006c44                dmp_set_fifo_rate
 .text.dmp_set_tap_thresh
                0x08006cac      0x1a0 CMakeFiles/demo.elf.dir/HardWare/MPU6050/inv_mpu_dmp_motion_driver.c.obj
                0x08006cac                dmp_set_tap_thresh
 .text.dmp_set_tap_axes
                0x08006e4c       0x4e CMakeFiles/demo.elf.dir/HardWare/MPU6050/inv_mpu_dmp_motion_driver.c.obj
                0x08006e4c                dmp_set_tap_axes
 .text.dmp_set_tap_count
                0x08006e9a       0x2c CMakeFiles/demo.elf.dir/HardWare/MPU6050/inv_mpu_dmp_motion_driver.c.obj
                0x08006e9a                dmp_set_tap_count
 *fill*         0x08006ec6        0x2 
 .text.dmp_set_tap_time
                0x08006ec8       0x30 CMakeFiles/demo.elf.dir/HardWare/MPU6050/inv_mpu_dmp_motion_driver.c.obj
                0x08006ec8                dmp_set_tap_time
 .text.dmp_set_tap_time_multi
                0x08006ef8       0x30 CMakeFiles/demo.elf.dir/HardWare/MPU6050/inv_mpu_dmp_motion_driver.c.obj
                0x08006ef8                dmp_set_tap_time_multi
 .text.dmp_set_shake_reject_thresh
                0x08006f28       0x44 CMakeFiles/demo.elf.dir/HardWare/MPU6050/inv_mpu_dmp_motion_driver.c.obj
                0x08006f28                dmp_set_shake_reject_thresh
 .text.dmp_set_shake_reject_time
                0x08006f6c       0x2c CMakeFiles/demo.elf.dir/HardWare/MPU6050/inv_mpu_dmp_motion_driver.c.obj
                0x08006f6c                dmp_set_shake_reject_time
 .text.dmp_set_shake_reject_timeout
                0x08006f98       0x2c CMakeFiles/demo.elf.dir/HardWare/MPU6050/inv_mpu_dmp_motion_driver.c.obj
                0x08006f98                dmp_set_shake_reject_timeout
 .text.dmp_enable_gyro_cal
                0x08006fc4       0x44 CMakeFiles/demo.elf.dir/HardWare/MPU6050/inv_mpu_dmp_motion_driver.c.obj
                0x08006fc4                dmp_enable_gyro_cal
 .text.dmp_enable_lp_quat
                0x08007008       0x3c CMakeFiles/demo.elf.dir/HardWare/MPU6050/inv_mpu_dmp_motion_driver.c.obj
                0x08007008                dmp_enable_lp_quat
 .text.dmp_enable_6x_lp_quat
                0x08007044       0x3c CMakeFiles/demo.elf.dir/HardWare/MPU6050/inv_mpu_dmp_motion_driver.c.obj
                0x08007044                dmp_enable_6x_lp_quat
 .text.dmp_enable_feature
                0x08007080      0x218 CMakeFiles/demo.elf.dir/HardWare/MPU6050/inv_mpu_dmp_motion_driver.c.obj
                0x08007080                dmp_enable_feature
 .text.dmp_read_fifo
                0x08007298      0x1f4 CMakeFiles/demo.elf.dir/HardWare/MPU6050/inv_mpu_dmp_motion_driver.c.obj
                0x08007298                dmp_read_fifo
 .text.MPU_Write_Len
                0x0800748c       0x28 CMakeFiles/demo.elf.dir/HardWare/MPU6050/mpu6050.c.obj
                0x0800748c                MPU_Write_Len
 .text.MPU_Read_Len
                0x080074b4       0x28 CMakeFiles/demo.elf.dir/HardWare/MPU6050/mpu6050.c.obj
                0x080074b4                MPU_Read_Len
 .text.MPU_Get_Gyroscope
                0x080074dc       0x44 CMakeFiles/demo.elf.dir/HardWare/MPU6050/mpu6050.c.obj
                0x080074dc                MPU_Get_Gyroscope
 .text.Velocity
                0x08007520       0xc8 CMakeFiles/demo.elf.dir/User/PID.c.obj
                0x08007520                Velocity
 .text.balance  0x080075e8       0x32 CMakeFiles/demo.elf.dir/User/PID.c.obj
                0x080075e8                balance
 *fill*         0x0800761a        0x2 
 .text.MotorControl
                0x0800761c       0xa0 CMakeFiles/demo.elf.dir/User/UserMain.c.obj
                0x0800761c                MotorControl
 .text.UserConfigInit
                0x080076bc       0x24 CMakeFiles/demo.elf.dir/User/UserMain.c.obj
                0x080076bc                UserConfigInit
 .text.UserSysInit
                0x080076e0       0xac CMakeFiles/demo.elf.dir/User/UserMain.c.obj
                0x080076e0                UserSysInit
 .text.UserLoop
                0x0800778c       0x88 CMakeFiles/demo.elf.dir/User/UserMain.c.obj
                0x0800778c                UserLoop
 .text.HAL_GPIO_EXTI_Callback
                0x08007814       0xe8 CMakeFiles/demo.elf.dir/User/UserMain.c.obj
                0x08007814                HAL_GPIO_EXTI_Callback
 .text.HAL_TIM_PeriodElapsedCallback
                0x080078fc       0x50 CMakeFiles/demo.elf.dir/User/UserMain.c.obj
                0x080078fc                HAL_TIM_PeriodElapsedCallback
 .text.HAL_UARTEx_RxEventCallback
                0x0800794c       0x30 CMakeFiles/demo.elf.dir/User/UserMain.c.obj
                0x0800794c                HAL_UARTEx_RxEventCallback
 .text.__errno  0x0800797c        0xc d:/embeddedsoftware/env/gcc-arm-none-eabi-10.3-2021.10/bin/../lib/gcc/arm-none-eabi/10.3.1/../../../../arm-none-eabi/lib/thumb/v7e-m/nofp\libg.a(lib_a-errno.o)
                0x0800797c                __errno
 .text.__libc_init_array
                0x08007988       0x48 d:/embeddedsoftware/env/gcc-arm-none-eabi-10.3-2021.10/bin/../lib/gcc/arm-none-eabi/10.3.1/../../../../arm-none-eabi/lib/thumb/v7e-m/nofp\libg.a(lib_a-init.o)
                0x08007988                __libc_init_array
 .text.memcmp   0x080079d0       0x68 d:/embeddedsoftware/env/gcc-arm-none-eabi-10.3-2021.10/bin/../lib/gcc/arm-none-eabi/10.3.1/../../../../arm-none-eabi/lib/thumb/v7e-m/nofp\libg.a(lib_a-memcmp.o)
                0x080079d0                memcmp
 .text.memset   0x08007a38       0xa4 d:/embeddedsoftware/env/gcc-arm-none-eabi-10.3-2021.10/bin/../lib/gcc/arm-none-eabi/10.3.1/../../../../arm-none-eabi/lib/thumb/v7e-m/nofp\libg.a(lib_a-memset.o)
                0x08007a38                memset
 .text.printf   0x08007adc       0x28 d:/embeddedsoftware/env/gcc-arm-none-eabi-10.3-2021.10/bin/../lib/gcc/arm-none-eabi/10.3.1/../../../../arm-none-eabi/lib/thumb/v7e-m/nofp\libg.a(lib_a-printf.o)
                0x08007adc                printf
 .text._puts_r  0x08007b04       0x9c d:/embeddedsoftware/env/gcc-arm-none-eabi-10.3-2021.10/bin/../lib/gcc/arm-none-eabi/10.3.1/../../../../arm-none-eabi/lib/thumb/v7e-m/nofp\libg.a(lib_a-puts.o)
                0x08007b04                _puts_r
 .text.puts     0x08007ba0       0x10 d:/embeddedsoftware/env/gcc-arm-none-eabi-10.3-2021.10/bin/../lib/gcc/arm-none-eabi/10.3.1/../../../../arm-none-eabi/lib/thumb/v7e-m/nofp\libg.a(lib_a-puts.o)
                0x08007ba0                puts
 .text.sprintf  0x08007bb0       0x40 d:/embeddedsoftware/env/gcc-arm-none-eabi-10.3-2021.10/bin/../lib/gcc/arm-none-eabi/10.3.1/../../../../arm-none-eabi/lib/thumb/v7e-m/nofp\libg.a(lib_a-sprintf.o)
                0x08007bb0                sprintf
 .text._svfprintf_r
                0x08007bf0     0x1a3c d:/embeddedsoftware/env/gcc-arm-none-eabi-10.3-2021.10/bin/../lib/gcc/arm-none-eabi/10.3.1/../../../../arm-none-eabi/lib/thumb/v7e-m/nofp\libg.a(lib_a-svfprintf.o)
                0x08007bf0                _svfprintf_r
 .text._vfprintf_r
                0x0800962c     0x1ad4 d:/embeddedsoftware/env/gcc-arm-none-eabi-10.3-2021.10/bin/../lib/gcc/arm-none-eabi/10.3.1/../../../../arm-none-eabi/lib/thumb/v7e-m/nofp\libg.a(lib_a-vfprintf.o)
                0x0800962c                _vfprintf_r
 .text.__sbprintf
                0x0800b100       0x80 d:/embeddedsoftware/env/gcc-arm-none-eabi-10.3-2021.10/bin/../lib/gcc/arm-none-eabi/10.3.1/../../../../arm-none-eabi/lib/thumb/v7e-m/nofp\libg.a(lib_a-vfprintf.o)
 .text.__swsetup_r
                0x0800b180       0xd4 d:/embeddedsoftware/env/gcc-arm-none-eabi-10.3-2021.10/bin/../lib/gcc/arm-none-eabi/10.3.1/../../../../arm-none-eabi/lib/thumb/v7e-m/nofp\libg.a(lib_a-wsetup.o)
                0x0800b180                __swsetup_r
 .text.startup.register_fini
                0x0800b254       0x14 d:/embeddedsoftware/env/gcc-arm-none-eabi-10.3-2021.10/bin/../lib/gcc/arm-none-eabi/10.3.1/../../../../arm-none-eabi/lib/thumb/v7e-m/nofp\libg.a(lib_a-__call_atexit.o)
 .text.atexit   0x0800b268        0xc d:/embeddedsoftware/env/gcc-arm-none-eabi-10.3-2021.10/bin/../lib/gcc/arm-none-eabi/10.3.1/../../../../arm-none-eabi/lib/thumb/v7e-m/nofp\libg.a(lib_a-atexit.o)
                0x0800b268                atexit
 .text.quorem   0x0800b274      0x124 d:/embeddedsoftware/env/gcc-arm-none-eabi-10.3-2021.10/bin/../lib/gcc/arm-none-eabi/10.3.1/../../../../arm-none-eabi/lib/thumb/v7e-m/nofp\libg.a(lib_a-dtoa.o)
 .text._dtoa_r  0x0800b398      0xec4 d:/embeddedsoftware/env/gcc-arm-none-eabi-10.3-2021.10/bin/../lib/gcc/arm-none-eabi/10.3.1/../../../../arm-none-eabi/lib/thumb/v7e-m/nofp\libg.a(lib_a-dtoa.o)
                0x0800b398                _dtoa_r
 .text.__sflush_r
                0x0800c25c      0x120 d:/embeddedsoftware/env/gcc-arm-none-eabi-10.3-2021.10/bin/../lib/gcc/arm-none-eabi/10.3.1/../../../../arm-none-eabi/lib/thumb/v7e-m/nofp\libg.a(lib_a-fflush.o)
                0x0800c25c                __sflush_r
 .text._fflush_r
                0x0800c37c       0x5c d:/embeddedsoftware/env/gcc-arm-none-eabi-10.3-2021.10/bin/../lib/gcc/arm-none-eabi/10.3.1/../../../../arm-none-eabi/lib/thumb/v7e-m/nofp\libg.a(lib_a-fflush.o)
                0x0800c37c                _fflush_r
 .text._cleanup_r
                0x0800c3d8        0xc d:/embeddedsoftware/env/gcc-arm-none-eabi-10.3-2021.10/bin/../lib/gcc/arm-none-eabi/10.3.1/../../../../arm-none-eabi/lib/thumb/v7e-m/nofp\libg.a(lib_a-findfp.o)
                0x0800c3d8                _cleanup_r
 .text.__sinit  0x0800c3e4      0x10c d:/embeddedsoftware/env/gcc-arm-none-eabi-10.3-2021.10/bin/../lib/gcc/arm-none-eabi/10.3.1/../../../../arm-none-eabi/lib/thumb/v7e-m/nofp\libg.a(lib_a-findfp.o)
                0x0800c3e4                __sinit
 .text.__sfp_lock_acquire
                0x0800c4f0        0xc d:/embeddedsoftware/env/gcc-arm-none-eabi-10.3-2021.10/bin/../lib/gcc/arm-none-eabi/10.3.1/../../../../arm-none-eabi/lib/thumb/v7e-m/nofp\libg.a(lib_a-findfp.o)
                0x0800c4f0                __sfp_lock_acquire
 .text.__sfp_lock_release
                0x0800c4fc        0xc d:/embeddedsoftware/env/gcc-arm-none-eabi-10.3-2021.10/bin/../lib/gcc/arm-none-eabi/10.3.1/../../../../arm-none-eabi/lib/thumb/v7e-m/nofp\libg.a(lib_a-findfp.o)
                0x0800c4fc                __sfp_lock_release
 .text.__libc_fini_array
                0x0800c508       0x2c d:/embeddedsoftware/env/gcc-arm-none-eabi-10.3-2021.10/bin/../lib/gcc/arm-none-eabi/10.3.1/../../../../arm-none-eabi/lib/thumb/v7e-m/nofp\libg.a(lib_a-fini.o)
                0x0800c508                __libc_fini_array
 .text._malloc_trim_r
                0x0800c534       0xa0 d:/embeddedsoftware/env/gcc-arm-none-eabi-10.3-2021.10/bin/../lib/gcc/arm-none-eabi/10.3.1/../../../../arm-none-eabi/lib/thumb/v7e-m/nofp\libg.a(lib_a-freer.o)
                0x0800c534                _malloc_trim_r
 .text._free_r  0x0800c5d4      0x20c d:/embeddedsoftware/env/gcc-arm-none-eabi-10.3-2021.10/bin/../lib/gcc/arm-none-eabi/10.3.1/../../../../arm-none-eabi/lib/thumb/v7e-m/nofp\libg.a(lib_a-freer.o)
                0x0800c5d4                _free_r
 .text.__sfvwrite_r
                0x0800c7e0      0x2e8 d:/embeddedsoftware/env/gcc-arm-none-eabi-10.3-2021.10/bin/../lib/gcc/arm-none-eabi/10.3.1/../../../../arm-none-eabi/lib/thumb/v7e-m/nofp\libg.a(lib_a-fvwrite.o)
                0x0800c7e0                __sfvwrite_r
 .text._fwalk_reent
                0x0800cac8       0x48 d:/embeddedsoftware/env/gcc-arm-none-eabi-10.3-2021.10/bin/../lib/gcc/arm-none-eabi/10.3.1/../../../../arm-none-eabi/lib/thumb/v7e-m/nofp\libg.a(lib_a-fwalk.o)
                0x0800cac8                _fwalk_reent
 .text._localeconv_r
                0x0800cb10        0x8 d:/embeddedsoftware/env/gcc-arm-none-eabi-10.3-2021.10/bin/../lib/gcc/arm-none-eabi/10.3.1/../../../../arm-none-eabi/lib/thumb/v7e-m/nofp\libg.a(lib_a-localeconv.o)
                0x0800cb10                _localeconv_r
 .text.__retarget_lock_init_recursive
                0x0800cb18        0x4 d:/embeddedsoftware/env/gcc-arm-none-eabi-10.3-2021.10/bin/../lib/gcc/arm-none-eabi/10.3.1/../../../../arm-none-eabi/lib/thumb/v7e-m/nofp\libg.a(lib_a-lock.o)
                0x0800cb18                __retarget_lock_init_recursive
 .text.__retarget_lock_close_recursive
                0x0800cb1c        0x4 d:/embeddedsoftware/env/gcc-arm-none-eabi-10.3-2021.10/bin/../lib/gcc/arm-none-eabi/10.3.1/../../../../arm-none-eabi/lib/thumb/v7e-m/nofp\libg.a(lib_a-lock.o)
                0x0800cb1c                __retarget_lock_close_recursive
 .text.__retarget_lock_acquire_recursive
                0x0800cb20        0x4 d:/embeddedsoftware/env/gcc-arm-none-eabi-10.3-2021.10/bin/../lib/gcc/arm-none-eabi/10.3.1/../../../../arm-none-eabi/lib/thumb/v7e-m/nofp\libg.a(lib_a-lock.o)
                0x0800cb20                __retarget_lock_acquire_recursive
 .text.__retarget_lock_release_recursive
                0x0800cb24        0x4 d:/embeddedsoftware/env/gcc-arm-none-eabi-10.3-2021.10/bin/../lib/gcc/arm-none-eabi/10.3.1/../../../../arm-none-eabi/lib/thumb/v7e-m/nofp\libg.a(lib_a-lock.o)
                0x0800cb24                __retarget_lock_release_recursive
 .text.__smakebuf_r
                0x0800cb28       0xe0 d:/embeddedsoftware/env/gcc-arm-none-eabi-10.3-2021.10/bin/../lib/gcc/arm-none-eabi/10.3.1/../../../../arm-none-eabi/lib/thumb/v7e-m/nofp\libg.a(lib_a-makebuf.o)
                0x0800cb28                __smakebuf_r
 .text._malloc_r
                0x0800cc08      0x560 d:/embeddedsoftware/env/gcc-arm-none-eabi-10.3-2021.10/bin/../lib/gcc/arm-none-eabi/10.3.1/../../../../arm-none-eabi/lib/thumb/v7e-m/nofp\libg.a(lib_a-mallocr.o)
                0x0800cc08                _malloc_r
 .text.memmove  0x0800d168       0xf8 d:/embeddedsoftware/env/gcc-arm-none-eabi-10.3-2021.10/bin/../lib/gcc/arm-none-eabi/10.3.1/../../../../arm-none-eabi/lib/thumb/v7e-m/nofp\libg.a(lib_a-memmove.o)
                0x0800d168                memmove
 .text.__malloc_lock
                0x0800d260        0xc d:/embeddedsoftware/env/gcc-arm-none-eabi-10.3-2021.10/bin/../lib/gcc/arm-none-eabi/10.3.1/../../../../arm-none-eabi/lib/thumb/v7e-m/nofp\libg.a(lib_a-mlock.o)
                0x0800d260                __malloc_lock
 .text.__malloc_unlock
                0x0800d26c        0xc d:/embeddedsoftware/env/gcc-arm-none-eabi-10.3-2021.10/bin/../lib/gcc/arm-none-eabi/10.3.1/../../../../arm-none-eabi/lib/thumb/v7e-m/nofp\libg.a(lib_a-mlock.o)
                0x0800d26c                __malloc_unlock
 .text._Balloc  0x0800d278       0x4c d:/embeddedsoftware/env/gcc-arm-none-eabi-10.3-2021.10/bin/../lib/gcc/arm-none-eabi/10.3.1/../../../../arm-none-eabi/lib/thumb/v7e-m/nofp\libg.a(lib_a-mprec.o)
                0x0800d278                _Balloc
 .text._Bfree   0x0800d2c4       0x14 d:/embeddedsoftware/env/gcc-arm-none-eabi-10.3-2021.10/bin/../lib/gcc/arm-none-eabi/10.3.1/../../../../arm-none-eabi/lib/thumb/v7e-m/nofp\libg.a(lib_a-mprec.o)
                0x0800d2c4                _Bfree
 .text.__multadd
                0x0800d2d8       0xa0 d:/embeddedsoftware/env/gcc-arm-none-eabi-10.3-2021.10/bin/../lib/gcc/arm-none-eabi/10.3.1/../../../../arm-none-eabi/lib/thumb/v7e-m/nofp\libg.a(lib_a-mprec.o)
                0x0800d2d8                __multadd
 .text.__hi0bits
                0x0800d378       0x40 d:/embeddedsoftware/env/gcc-arm-none-eabi-10.3-2021.10/bin/../lib/gcc/arm-none-eabi/10.3.1/../../../../arm-none-eabi/lib/thumb/v7e-m/nofp\libg.a(lib_a-mprec.o)
                0x0800d378                __hi0bits
 .text.__lo0bits
                0x0800d3b8       0x5c d:/embeddedsoftware/env/gcc-arm-none-eabi-10.3-2021.10/bin/../lib/gcc/arm-none-eabi/10.3.1/../../../../arm-none-eabi/lib/thumb/v7e-m/nofp\libg.a(lib_a-mprec.o)
                0x0800d3b8                __lo0bits
 .text.__i2b    0x0800d414       0x5c d:/embeddedsoftware/env/gcc-arm-none-eabi-10.3-2021.10/bin/../lib/gcc/arm-none-eabi/10.3.1/../../../../arm-none-eabi/lib/thumb/v7e-m/nofp\libg.a(lib_a-mprec.o)
                0x0800d414                __i2b
 .text.__multiply
                0x0800d470      0x15c d:/embeddedsoftware/env/gcc-arm-none-eabi-10.3-2021.10/bin/../lib/gcc/arm-none-eabi/10.3.1/../../../../arm-none-eabi/lib/thumb/v7e-m/nofp\libg.a(lib_a-mprec.o)
                0x0800d470                __multiply
 .text.__pow5mult
                0x0800d5cc       0xc0 d:/embeddedsoftware/env/gcc-arm-none-eabi-10.3-2021.10/bin/../lib/gcc/arm-none-eabi/10.3.1/../../../../arm-none-eabi/lib/thumb/v7e-m/nofp\libg.a(lib_a-mprec.o)
                0x0800d5cc                __pow5mult
 .text.__lshift
                0x0800d68c       0xf0 d:/embeddedsoftware/env/gcc-arm-none-eabi-10.3-2021.10/bin/../lib/gcc/arm-none-eabi/10.3.1/../../../../arm-none-eabi/lib/thumb/v7e-m/nofp\libg.a(lib_a-mprec.o)
                0x0800d68c                __lshift
 .text.__mcmp   0x0800d77c       0x40 d:/embeddedsoftware/env/gcc-arm-none-eabi-10.3-2021.10/bin/../lib/gcc/arm-none-eabi/10.3.1/../../../../arm-none-eabi/lib/thumb/v7e-m/nofp\libg.a(lib_a-mprec.o)
                0x0800d77c                __mcmp
 .text.__mdiff  0x0800d7bc      0x14c d:/embeddedsoftware/env/gcc-arm-none-eabi-10.3-2021.10/bin/../lib/gcc/arm-none-eabi/10.3.1/../../../../arm-none-eabi/lib/thumb/v7e-m/nofp\libg.a(lib_a-mprec.o)
                0x0800d7bc                __mdiff
 .text.__d2b    0x0800d908       0xc4 d:/embeddedsoftware/env/gcc-arm-none-eabi-10.3-2021.10/bin/../lib/gcc/arm-none-eabi/10.3.1/../../../../arm-none-eabi/lib/thumb/v7e-m/nofp\libg.a(lib_a-mprec.o)
                0x0800d908                __d2b
 .text._realloc_r
                0x0800d9cc      0x3d8 d:/embeddedsoftware/env/gcc-arm-none-eabi-10.3-2021.10/bin/../lib/gcc/arm-none-eabi/10.3.1/../../../../arm-none-eabi/lib/thumb/v7e-m/nofp\libg.a(lib_a-reallocr.o)
                0x0800d9cc                _realloc_r
 .text.frexp    0x0800dda4       0x70 d:/embeddedsoftware/env/gcc-arm-none-eabi-10.3-2021.10/bin/../lib/gcc/arm-none-eabi/10.3.1/../../../../arm-none-eabi/lib/thumb/v7e-m/nofp\libg.a(lib_a-s_frexp.o)
                0x0800dda4                frexp
 .text._sbrk_r  0x0800de14       0x24 d:/embeddedsoftware/env/gcc-arm-none-eabi-10.3-2021.10/bin/../lib/gcc/arm-none-eabi/10.3.1/../../../../arm-none-eabi/lib/thumb/v7e-m/nofp\libg.a(lib_a-sbrkr.o)
                0x0800de14                _sbrk_r
 .text.__sread  0x0800de38       0x24 d:/embeddedsoftware/env/gcc-arm-none-eabi-10.3-2021.10/bin/../lib/gcc/arm-none-eabi/10.3.1/../../../../arm-none-eabi/lib/thumb/v7e-m/nofp\libg.a(lib_a-stdio.o)
                0x0800de38                __sread
 .text.__swrite
                0x0800de5c       0x40 d:/embeddedsoftware/env/gcc-arm-none-eabi-10.3-2021.10/bin/../lib/gcc/arm-none-eabi/10.3.1/../../../../arm-none-eabi/lib/thumb/v7e-m/nofp\libg.a(lib_a-stdio.o)
                0x0800de5c                __swrite
 .text.__sseek  0x0800de9c       0x20 d:/embeddedsoftware/env/gcc-arm-none-eabi-10.3-2021.10/bin/../lib/gcc/arm-none-eabi/10.3.1/../../../../arm-none-eabi/lib/thumb/v7e-m/nofp\libg.a(lib_a-stdio.o)
                0x0800de9c                __sseek
 .text.__sclose
                0x0800debc        0x8 d:/embeddedsoftware/env/gcc-arm-none-eabi-10.3-2021.10/bin/../lib/gcc/arm-none-eabi/10.3.1/../../../../arm-none-eabi/lib/thumb/v7e-m/nofp\libg.a(lib_a-stdio.o)
                0x0800debc                __sclose
 .text.strncpy  0x0800dec4       0x64 d:/embeddedsoftware/env/gcc-arm-none-eabi-10.3-2021.10/bin/../lib/gcc/arm-none-eabi/10.3.1/../../../../arm-none-eabi/lib/thumb/v7e-m/nofp\libg.a(lib_a-strncpy.o)
                0x0800dec4                strncpy
 .text.__ssprint_r
                0x0800df28       0xf8 d:/embeddedsoftware/env/gcc-arm-none-eabi-10.3-2021.10/bin/../lib/gcc/arm-none-eabi/10.3.1/../../../../arm-none-eabi/lib/thumb/v7e-m/nofp\libg.a(lib_a-svfiprintf.o)
                0x0800df28                __ssprint_r
 .text.__sprint_r.part.0
                0x0800e020       0x78 d:/embeddedsoftware/env/gcc-arm-none-eabi-10.3-2021.10/bin/../lib/gcc/arm-none-eabi/10.3.1/../../../../arm-none-eabi/lib/thumb/v7e-m/nofp\libg.a(lib_a-vfiprintf.o)
 .text.__sprint_r
                0x0800e098       0x14 d:/embeddedsoftware/env/gcc-arm-none-eabi-10.3-2021.10/bin/../lib/gcc/arm-none-eabi/10.3.1/../../../../arm-none-eabi/lib/thumb/v7e-m/nofp\libg.a(lib_a-vfiprintf.o)
                0x0800e098                __sprint_r
 .text._vfiprintf_r
                0x0800e0ac      0xda0 d:/embeddedsoftware/env/gcc-arm-none-eabi-10.3-2021.10/bin/../lib/gcc/arm-none-eabi/10.3.1/../../../../arm-none-eabi/lib/thumb/v7e-m/nofp\libg.a(lib_a-vfiprintf.o)
                0x0800e0ac                _vfiprintf_r
 .text.__sbprintf
                0x0800ee4c       0x80 d:/embeddedsoftware/env/gcc-arm-none-eabi-10.3-2021.10/bin/../lib/gcc/arm-none-eabi/10.3.1/../../../../arm-none-eabi/lib/thumb/v7e-m/nofp\libg.a(lib_a-vfiprintf.o)
 .text._write_r
                0x0800eecc       0x2c d:/embeddedsoftware/env/gcc-arm-none-eabi-10.3-2021.10/bin/../lib/gcc/arm-none-eabi/10.3.1/../../../../arm-none-eabi/lib/thumb/v7e-m/nofp\libg.a(lib_a-writer.o)
                0x0800eecc                _write_r
 .text.__register_exitproc
                0x0800eef8       0x8c d:/embeddedsoftware/env/gcc-arm-none-eabi-10.3-2021.10/bin/../lib/gcc/arm-none-eabi/10.3.1/../../../../arm-none-eabi/lib/thumb/v7e-m/nofp\libg.a(lib_a-__atexit.o)
                0x0800eef8                __register_exitproc
 .text.__assert_func
                0x0800ef84       0x40 d:/embeddedsoftware/env/gcc-arm-none-eabi-10.3-2021.10/bin/../lib/gcc/arm-none-eabi/10.3.1/../../../../arm-none-eabi/lib/thumb/v7e-m/nofp\libg.a(lib_a-assert.o)
                0x0800ef84                __assert_func
 .text._calloc_r
                0x0800efc4       0x78 d:/embeddedsoftware/env/gcc-arm-none-eabi-10.3-2021.10/bin/../lib/gcc/arm-none-eabi/10.3.1/../../../../arm-none-eabi/lib/thumb/v7e-m/nofp\libg.a(lib_a-callocr.o)
                0x0800efc4                _calloc_r
 .text._close_r
                0x0800f03c       0x24 d:/embeddedsoftware/env/gcc-arm-none-eabi-10.3-2021.10/bin/../lib/gcc/arm-none-eabi/10.3.1/../../../../arm-none-eabi/lib/thumb/v7e-m/nofp\libg.a(lib_a-closer.o)
                0x0800f03c                _close_r
 .text._fclose_r
                0x0800f060       0xcc d:/embeddedsoftware/env/gcc-arm-none-eabi-10.3-2021.10/bin/../lib/gcc/arm-none-eabi/10.3.1/../../../../arm-none-eabi/lib/thumb/v7e-m/nofp\libg.a(lib_a-fclose.o)
                0x0800f060                _fclose_r
 .text.fiprintf
                0x0800f12c       0x28 d:/embeddedsoftware/env/gcc-arm-none-eabi-10.3-2021.10/bin/../lib/gcc/arm-none-eabi/10.3.1/../../../../arm-none-eabi/lib/thumb/v7e-m/nofp\libg.a(lib_a-fiprintf.o)
                0x0800f12c                fiprintf
 .text.__fputwc
                0x0800f154       0xa8 d:/embeddedsoftware/env/gcc-arm-none-eabi-10.3-2021.10/bin/../lib/gcc/arm-none-eabi/10.3.1/../../../../arm-none-eabi/lib/thumb/v7e-m/nofp\libg.a(lib_a-fputwc.o)
                0x0800f154                __fputwc
 .text._fputwc_r
                0x0800f1fc       0x68 d:/embeddedsoftware/env/gcc-arm-none-eabi-10.3-2021.10/bin/../lib/gcc/arm-none-eabi/10.3.1/../../../../arm-none-eabi/lib/thumb/v7e-m/nofp\libg.a(lib_a-fputwc.o)
                0x0800f1fc                _fputwc_r
 .text._fstat_r
                0x0800f264       0x2c d:/embeddedsoftware/env/gcc-arm-none-eabi-10.3-2021.10/bin/../lib/gcc/arm-none-eabi/10.3.1/../../../../arm-none-eabi/lib/thumb/v7e-m/nofp\libg.a(lib_a-fstatr.o)
                0x0800f264                _fstat_r
 .text._isatty_r
                0x0800f290       0x24 d:/embeddedsoftware/env/gcc-arm-none-eabi-10.3-2021.10/bin/../lib/gcc/arm-none-eabi/10.3.1/../../../../arm-none-eabi/lib/thumb/v7e-m/nofp\libg.a(lib_a-isattyr.o)
                0x0800f290                _isatty_r
 .text.__locale_mb_cur_max
                0x0800f2b4        0xc d:/embeddedsoftware/env/gcc-arm-none-eabi-10.3-2021.10/bin/../lib/gcc/arm-none-eabi/10.3.1/../../../../arm-none-eabi/lib/thumb/v7e-m/nofp\libg.a(lib_a-locale.o)
                0x0800f2b4                __locale_mb_cur_max
 .text._lseek_r
                0x0800f2c0       0x2c d:/embeddedsoftware/env/gcc-arm-none-eabi-10.3-2021.10/bin/../lib/gcc/arm-none-eabi/10.3.1/../../../../arm-none-eabi/lib/thumb/v7e-m/nofp\libg.a(lib_a-lseekr.o)
                0x0800f2c0                _lseek_r
 .text.__ascii_mbtowc
                0x0800f2ec       0x2c d:/embeddedsoftware/env/gcc-arm-none-eabi-10.3-2021.10/bin/../lib/gcc/arm-none-eabi/10.3.1/../../../../arm-none-eabi/lib/thumb/v7e-m/nofp\libg.a(lib_a-mbtowc_r.o)
                0x0800f2ec                __ascii_mbtowc
 .text._read_r  0x0800f318       0x2c d:/embeddedsoftware/env/gcc-arm-none-eabi-10.3-2021.10/bin/../lib/gcc/arm-none-eabi/10.3.1/../../../../arm-none-eabi/lib/thumb/v7e-m/nofp\libg.a(lib_a-readr.o)
                0x0800f318                _read_r
 .text.__swbuf_r
                0x0800f344       0xb0 d:/embeddedsoftware/env/gcc-arm-none-eabi-10.3-2021.10/bin/../lib/gcc/arm-none-eabi/10.3.1/../../../../arm-none-eabi/lib/thumb/v7e-m/nofp\libg.a(lib_a-wbuf.o)
                0x0800f344                __swbuf_r
 .text._wcrtomb_r
                0x0800f3f4       0x3c d:/embeddedsoftware/env/gcc-arm-none-eabi-10.3-2021.10/bin/../lib/gcc/arm-none-eabi/10.3.1/../../../../arm-none-eabi/lib/thumb/v7e-m/nofp\libg.a(lib_a-wcrtomb.o)
                0x0800f3f4                _wcrtomb_r
 .text.__ascii_wctomb
                0x0800f430       0x1c d:/embeddedsoftware/env/gcc-arm-none-eabi-10.3-2021.10/bin/../lib/gcc/arm-none-eabi/10.3.1/../../../../arm-none-eabi/lib/thumb/v7e-m/nofp\libg.a(lib_a-wctomb_r.o)
                0x0800f430                __ascii_wctomb
 .text.abort    0x0800f44c       0x10 d:/embeddedsoftware/env/gcc-arm-none-eabi-10.3-2021.10/bin/../lib/gcc/arm-none-eabi/10.3.1/../../../../arm-none-eabi/lib/thumb/v7e-m/nofp\libg.a(lib_a-abort.o)
                0x0800f44c                abort
 .text.raise    0x0800f45c       0x5c d:/embeddedsoftware/env/gcc-arm-none-eabi-10.3-2021.10/bin/../lib/gcc/arm-none-eabi/10.3.1/../../../../arm-none-eabi/lib/thumb/v7e-m/nofp\libg.a(lib_a-signal.o)
                0x0800f45c                raise
 .text._kill_r  0x0800f4b8       0x2c d:/embeddedsoftware/env/gcc-arm-none-eabi-10.3-2021.10/bin/../lib/gcc/arm-none-eabi/10.3.1/../../../../arm-none-eabi/lib/thumb/v7e-m/nofp\libg.a(lib_a-signalr.o)
                0x0800f4b8                _kill_r
 .text._getpid_r
                0x0800f4e4        0x4 d:/embeddedsoftware/env/gcc-arm-none-eabi-10.3-2021.10/bin/../lib/gcc/arm-none-eabi/10.3.1/../../../../arm-none-eabi/lib/thumb/v7e-m/nofp\libg.a(lib_a-signalr.o)
                0x0800f4e4                _getpid_r
 .text.atan     0x0800f4e8      0x32c d:/embeddedsoftware/env/gcc-arm-none-eabi-10.3-2021.10/bin/../lib/gcc/arm-none-eabi/10.3.1/../../../../arm-none-eabi/lib/thumb/v7e-m/nofp\libm.a(lib_a-s_atan.o)
                0x0800f4e8                atan
 .text.fabs     0x0800f814        0x8 d:/embeddedsoftware/env/gcc-arm-none-eabi-10.3-2021.10/bin/../lib/gcc/arm-none-eabi/10.3.1/../../../../arm-none-eabi/lib/thumb/v7e-m/nofp\libm.a(lib_a-s_fabs.o)
                0x0800f814                fabs
 .text.asin     0x0800f81c       0x50 d:/embeddedsoftware/env/gcc-arm-none-eabi-10.3-2021.10/bin/../lib/gcc/arm-none-eabi/10.3.1/../../../../arm-none-eabi/lib/thumb/v7e-m/nofp\libm.a(lib_a-w_asin.o)
                0x0800f81c                asin
 .text.atan2    0x0800f86c        0x4 d:/embeddedsoftware/env/gcc-arm-none-eabi-10.3-2021.10/bin/../lib/gcc/arm-none-eabi/10.3.1/../../../../arm-none-eabi/lib/thumb/v7e-m/nofp\libm.a(lib_a-w_atan2.o)
                0x0800f86c                atan2
 .text.__ieee754_asin
                0x0800f870      0x46c d:/embeddedsoftware/env/gcc-arm-none-eabi-10.3-2021.10/bin/../lib/gcc/arm-none-eabi/10.3.1/../../../../arm-none-eabi/lib/thumb/v7e-m/nofp\libm.a(lib_a-e_asin.o)
                0x0800f870                __ieee754_asin
 *fill*         0x0800fcdc        0x4 
 .text.__ieee754_atan2
                0x0800fce0      0x194 d:/embeddedsoftware/env/gcc-arm-none-eabi-10.3-2021.10/bin/../lib/gcc/arm-none-eabi/10.3.1/../../../../arm-none-eabi/lib/thumb/v7e-m/nofp\libm.a(lib_a-e_atan2.o)
                0x0800fce0                __ieee754_atan2
 .text.__ieee754_sqrt
                0x0800fe74      0x18c d:/embeddedsoftware/env/gcc-arm-none-eabi-10.3-2021.10/bin/../lib/gcc/arm-none-eabi/10.3.1/../../../../arm-none-eabi/lib/thumb/v7e-m/nofp\libm.a(lib_a-e_sqrt.o)
                0x0800fe74                __ieee754_sqrt
 .text.nan      0x08010000        0xc d:/embeddedsoftware/env/gcc-arm-none-eabi-10.3-2021.10/bin/../lib/gcc/arm-none-eabi/10.3.1/../../../../arm-none-eabi/lib/thumb/v7e-m/nofp\libm.a(lib_a-s_nan.o)
                0x08010000                nan
 *(.glue_7)
 .glue_7        0x0801000c        0x0 linker stubs
 *(.glue_7t)
 .glue_7t       0x0801000c        0x0 linker stubs
 *(.eh_frame)
 .eh_frame      0x0801000c        0x0 d:/embeddedsoftware/env/gcc-arm-none-eabi-10.3-2021.10/bin/../lib/gcc/arm-none-eabi/10.3.1/thumb/v7e-m/nofp/crtbegin.o
 *(.init)
 .init          0x0801000c        0x4 d:/embeddedsoftware/env/gcc-arm-none-eabi-10.3-2021.10/bin/../lib/gcc/arm-none-eabi/10.3.1/thumb/v7e-m/nofp/crti.o
                0x0801000c                _init
 .init          0x08010010        0x8 d:/embeddedsoftware/env/gcc-arm-none-eabi-10.3-2021.10/bin/../lib/gcc/arm-none-eabi/10.3.1/thumb/v7e-m/nofp/crtn.o
 *(.fini)
 .fini          0x08010018        0x4 d:/embeddedsoftware/env/gcc-arm-none-eabi-10.3-2021.10/bin/../lib/gcc/arm-none-eabi/10.3.1/thumb/v7e-m/nofp/crti.o
                0x08010018                _fini
 .fini          0x0801001c        0x8 d:/embeddedsoftware/env/gcc-arm-none-eabi-10.3-2021.10/bin/../lib/gcc/arm-none-eabi/10.3.1/thumb/v7e-m/nofp/crtn.o
                0x08010024                . = ALIGN (0x4)
                0x08010024                _etext = .

.vfp11_veneer   0x08010024        0x0
 .vfp11_veneer  0x08010024        0x0 linker stubs

.v4_bx          0x08010024        0x0
 .v4_bx         0x08010024        0x0 linker stubs

.iplt           0x08010024        0x0
 .iplt          0x08010024        0x0 d:/embeddedsoftware/env/gcc-arm-none-eabi-10.3-2021.10/bin/../lib/gcc/arm-none-eabi/10.3.1/thumb/v7e-m/nofp/crtbegin.o

.rodata         0x08010028     0x13d8
                0x08010028                . = ALIGN (0x4)
 *(.rodata)
 *(.rodata*)
 .rodata.AHBPrescTable
                0x08010028       0x10 CMakeFiles/demo.elf.dir/Core/Src/system_stm32f4xx.c.obj
                0x08010028                AHBPrescTable
 .rodata.APBPrescTable
                0x08010038        0x8 CMakeFiles/demo.elf.dir/Core/Src/system_stm32f4xx.c.obj
                0x08010038                APBPrescTable
 .rodata.accel_self_test.str1.4
                0x08010040       0x31 CMakeFiles/demo.elf.dir/HardWare/MPU6050/inv_mpu.c.obj
 *fill*         0x08010071        0x3 
 .rodata.mpu_init.str1.4
                0x08010074       0x91 CMakeFiles/demo.elf.dir/HardWare/MPU6050/inv_mpu.c.obj
 *fill*         0x08010105        0x3 
 .rodata.mpu_run_self_test.str1.4
                0x08010108       0x37 CMakeFiles/demo.elf.dir/HardWare/MPU6050/inv_mpu.c.obj
 *fill*         0x0801013f        0x1 
 .rodata.run_self_test.str1.4
                0x08010140       0x1d CMakeFiles/demo.elf.dir/HardWare/MPU6050/inv_mpu.c.obj
 *fill*         0x0801015d        0x3 
 .rodata.mpu_dmp_init.str1.4
                0x08010160      0x187 CMakeFiles/demo.elf.dir/HardWare/MPU6050/inv_mpu.c.obj
 *fill*         0x080102e7        0x1 
 .rodata.hw     0x080102e8        0xc CMakeFiles/demo.elf.dir/HardWare/MPU6050/inv_mpu.c.obj
                0x080102e8                hw
 .rodata.reg    0x080102f4       0x1b CMakeFiles/demo.elf.dir/HardWare/MPU6050/inv_mpu.c.obj
                0x080102f4                reg
 *fill*         0x0801030f        0x1 
 .rodata.test   0x08010310       0x28 CMakeFiles/demo.elf.dir/HardWare/MPU6050/inv_mpu.c.obj
                0x08010310                test
 .rodata.dmp_set_orientation.str1.4
                0x08010338       0x10 CMakeFiles/demo.elf.dir/HardWare/MPU6050/inv_mpu_dmp_motion_driver.c.obj
 .rodata.dmp_set_fifo_rate.str1.4
                0x08010348        0xd CMakeFiles/demo.elf.dir/HardWare/MPU6050/inv_mpu_dmp_motion_driver.c.obj
 *fill*         0x08010355        0x3 
 .rodata.dmp_enable_gyro_cal.str1.4
                0x08010358       0x16 CMakeFiles/demo.elf.dir/HardWare/MPU6050/inv_mpu_dmp_motion_driver.c.obj
 *fill*         0x0801036e        0x2 
 .rodata.dmp_memory
                0x08010370      0xbf6 CMakeFiles/demo.elf.dir/HardWare/MPU6050/inv_mpu_dmp_motion_driver.c.obj
 *fill*         0x08010f66        0x2 
 .rodata.HAL_GPIO_EXTI_Callback.str1.4
                0x08010f68        0xa CMakeFiles/demo.elf.dir/User/UserMain.c.obj
 *fill*         0x08010f72        0x2 
 .rodata._global_impure_ptr
                0x08010f74        0x4 d:/embeddedsoftware/env/gcc-arm-none-eabi-10.3-2021.10/bin/../lib/gcc/arm-none-eabi/10.3.1/../../../../arm-none-eabi/lib/thumb/v7e-m/nofp\libg.a(lib_a-impure.o)
                0x08010f74                _global_impure_ptr
 .rodata._puts_r.str1.4
                0x08010f78        0xa d:/embeddedsoftware/env/gcc-arm-none-eabi-10.3-2021.10/bin/../lib/gcc/arm-none-eabi/10.3.1/../../../../arm-none-eabi/lib/thumb/v7e-m/nofp\libg.a(lib_a-puts.o)
                                  0x2 (size before relaxing)
 .rodata._svfprintf_r.str1.4
                0x08010f78       0x42 d:/embeddedsoftware/env/gcc-arm-none-eabi-10.3-2021.10/bin/../lib/gcc/arm-none-eabi/10.3.1/../../../../arm-none-eabi/lib/thumb/v7e-m/nofp\libg.a(lib_a-svfprintf.o)
 *fill*         0x08010fba        0x2 
 .rodata.blanks.1
                0x08010fbc       0x10 d:/embeddedsoftware/env/gcc-arm-none-eabi-10.3-2021.10/bin/../lib/gcc/arm-none-eabi/10.3.1/../../../../arm-none-eabi/lib/thumb/v7e-m/nofp\libg.a(lib_a-svfprintf.o)
 .rodata.zeroes.0
                0x08010fcc       0x10 d:/embeddedsoftware/env/gcc-arm-none-eabi-10.3-2021.10/bin/../lib/gcc/arm-none-eabi/10.3.1/../../../../arm-none-eabi/lib/thumb/v7e-m/nofp\libg.a(lib_a-svfprintf.o)
 .rodata._vfprintf_r.str1.4
                0x08010fdc       0x42 d:/embeddedsoftware/env/gcc-arm-none-eabi-10.3-2021.10/bin/../lib/gcc/arm-none-eabi/10.3.1/../../../../arm-none-eabi/lib/thumb/v7e-m/nofp\libg.a(lib_a-vfprintf.o)
 .rodata.blanks.1
                0x08010fdc       0x10 d:/embeddedsoftware/env/gcc-arm-none-eabi-10.3-2021.10/bin/../lib/gcc/arm-none-eabi/10.3.1/../../../../arm-none-eabi/lib/thumb/v7e-m/nofp\libg.a(lib_a-vfprintf.o)
 .rodata.zeroes.0
                0x08010fec       0x10 d:/embeddedsoftware/env/gcc-arm-none-eabi-10.3-2021.10/bin/../lib/gcc/arm-none-eabi/10.3.1/../../../../arm-none-eabi/lib/thumb/v7e-m/nofp\libg.a(lib_a-vfprintf.o)
 .rodata._dtoa_r.str1.4
                0x08010ffc       0xa2 d:/embeddedsoftware/env/gcc-arm-none-eabi-10.3-2021.10/bin/../lib/gcc/arm-none-eabi/10.3.1/../../../../arm-none-eabi/lib/thumb/v7e-m/nofp\libg.a(lib_a-dtoa.o)
                                 0xa6 (size before relaxing)
 *fill*         0x0801109e        0x2 
 .rodata.__multadd.str1.4
                0x080110a0       0x7f d:/embeddedsoftware/env/gcc-arm-none-eabi-10.3-2021.10/bin/../lib/gcc/arm-none-eabi/10.3.1/../../../../arm-none-eabi/lib/thumb/v7e-m/nofp\libg.a(lib_a-mprec.o)
                                 0x93 (size before relaxing)
 *fill*         0x0801111f        0x1 
 .rodata.__mprec_bigtens
                0x08011120       0x28 d:/embeddedsoftware/env/gcc-arm-none-eabi-10.3-2021.10/bin/../lib/gcc/arm-none-eabi/10.3.1/../../../../arm-none-eabi/lib/thumb/v7e-m/nofp\libg.a(lib_a-mprec.o)
                0x08011120                __mprec_bigtens
 .rodata.__mprec_tens
                0x08011148       0xc8 d:/embeddedsoftware/env/gcc-arm-none-eabi-10.3-2021.10/bin/../lib/gcc/arm-none-eabi/10.3.1/../../../../arm-none-eabi/lib/thumb/v7e-m/nofp\libg.a(lib_a-mprec.o)
                0x08011148                __mprec_tens
 .rodata.p05.0  0x08011210        0xc d:/embeddedsoftware/env/gcc-arm-none-eabi-10.3-2021.10/bin/../lib/gcc/arm-none-eabi/10.3.1/../../../../arm-none-eabi/lib/thumb/v7e-m/nofp\libg.a(lib_a-mprec.o)
 .rodata._vfiprintf_r.str1.4
                0x0801121c       0x2f d:/embeddedsoftware/env/gcc-arm-none-eabi-10.3-2021.10/bin/../lib/gcc/arm-none-eabi/10.3.1/../../../../arm-none-eabi/lib/thumb/v7e-m/nofp\libg.a(lib_a-vfiprintf.o)
 .rodata.blanks.1
                0x0801121c       0x10 d:/embeddedsoftware/env/gcc-arm-none-eabi-10.3-2021.10/bin/../lib/gcc/arm-none-eabi/10.3.1/../../../../arm-none-eabi/lib/thumb/v7e-m/nofp\libg.a(lib_a-vfiprintf.o)
 .rodata.zeroes.0
                0x0801122c       0x10 d:/embeddedsoftware/env/gcc-arm-none-eabi-10.3-2021.10/bin/../lib/gcc/arm-none-eabi/10.3.1/../../../../arm-none-eabi/lib/thumb/v7e-m/nofp\libg.a(lib_a-vfiprintf.o)
 .rodata.__assert_func.str1.4
                0x0801123c       0x3f d:/embeddedsoftware/env/gcc-arm-none-eabi-10.3-2021.10/bin/../lib/gcc/arm-none-eabi/10.3.1/../../../../arm-none-eabi/lib/thumb/v7e-m/nofp\libg.a(lib_a-assert.o)
                                 0x43 (size before relaxing)
 *fill*         0x0801127b        0x1 
 .rodata._setlocale_r.str1.4
                0x0801127c        0xa d:/embeddedsoftware/env/gcc-arm-none-eabi-10.3-2021.10/bin/../lib/gcc/arm-none-eabi/10.3.1/../../../../arm-none-eabi/lib/thumb/v7e-m/nofp\libg.a(lib_a-locale.o)
                                  0xd (size before relaxing)
 *fill*         0x08011286        0x2 
 .rodata.str1.4
                0x08011288        0x2 d:/embeddedsoftware/env/gcc-arm-none-eabi-10.3-2021.10/bin/../lib/gcc/arm-none-eabi/10.3.1/../../../../arm-none-eabi/lib/thumb/v7e-m/nofp\libg.a(lib_a-locale.o)
 *fill*         0x0801128a        0x2 
 .rodata._ctype_
                0x0801128c      0x101 d:/embeddedsoftware/env/gcc-arm-none-eabi-10.3-2021.10/bin/../lib/gcc/arm-none-eabi/10.3.1/../../../../arm-none-eabi/lib/thumb/v7e-m/nofp\libg.a(lib_a-ctype_.o)
                0x0801128c                _ctype_
 *fill*         0x0801138d        0x3 
 .rodata.atanhi
                0x08011390       0x20 d:/embeddedsoftware/env/gcc-arm-none-eabi-10.3-2021.10/bin/../lib/gcc/arm-none-eabi/10.3.1/../../../../arm-none-eabi/lib/thumb/v7e-m/nofp\libm.a(lib_a-s_atan.o)
 .rodata.atanlo
                0x080113b0       0x20 d:/embeddedsoftware/env/gcc-arm-none-eabi-10.3-2021.10/bin/../lib/gcc/arm-none-eabi/10.3.1/../../../../arm-none-eabi/lib/thumb/v7e-m/nofp\libm.a(lib_a-s_atan.o)
 .rodata.asin.str1.4
                0x080113d0        0x1 d:/embeddedsoftware/env/gcc-arm-none-eabi-10.3-2021.10/bin/../lib/gcc/arm-none-eabi/10.3.1/../../../../arm-none-eabi/lib/thumb/v7e-m/nofp\libm.a(lib_a-w_asin.o)
 .rodata.CSWTCH.8
                0x080113d0       0x18 d:/embeddedsoftware/env/gcc-arm-none-eabi-10.3-2021.10/bin/../lib/gcc/arm-none-eabi/10.3.1/../../../../arm-none-eabi/lib/thumb/v7e-m/nofp\libm.a(lib_a-e_atan2.o)
 .rodata.CSWTCH.9
                0x080113e8       0x18 d:/embeddedsoftware/env/gcc-arm-none-eabi-10.3-2021.10/bin/../lib/gcc/arm-none-eabi/10.3.1/../../../../arm-none-eabi/lib/thumb/v7e-m/nofp\libm.a(lib_a-e_atan2.o)
                0x08011400                . = ALIGN (0x4)

.ARM.extab      0x08011400        0x0
                0x08011400                . = ALIGN (0x4)
 *(.ARM.extab* .gnu.linkonce.armextab.*)
                0x08011400                . = ALIGN (0x4)

.ARM            0x08011400        0x8
                0x08011400                . = ALIGN (0x4)
                0x08011400                __exidx_start = .
 *(.ARM.exidx*)
 .ARM.exidx     0x08011400        0x8 d:/embeddedsoftware/env/gcc-arm-none-eabi-10.3-2021.10/bin/../lib/gcc/arm-none-eabi/10.3.1/thumb/v7e-m/nofp\libgcc.a(_udivmoddi4.o)
                0x08011408                __exidx_end = .
                0x08011408                . = ALIGN (0x4)

.rel.dyn        0x08011408        0x0
 .rel.iplt      0x08011408        0x0 d:/embeddedsoftware/env/gcc-arm-none-eabi-10.3-2021.10/bin/../lib/gcc/arm-none-eabi/10.3.1/thumb/v7e-m/nofp/crtbegin.o

.preinit_array  0x08011408        0x0
                0x08011408                . = ALIGN (0x4)
                0x08011408                PROVIDE (__preinit_array_start = .)
 *(.preinit_array*)
                0x08011408                PROVIDE (__preinit_array_end = .)
                0x08011408                . = ALIGN (0x4)

.init_array     0x08011408        0x8
                0x08011408                . = ALIGN (0x4)
                0x08011408                PROVIDE (__init_array_start = .)
 *(SORT_BY_NAME(.init_array.*))
 .init_array.00000
                0x08011408        0x4 d:/embeddedsoftware/env/gcc-arm-none-eabi-10.3-2021.10/bin/../lib/gcc/arm-none-eabi/10.3.1/../../../../arm-none-eabi/lib/thumb/v7e-m/nofp\libg.a(lib_a-__call_atexit.o)
 *(.init_array*)
 .init_array    0x0801140c        0x4 d:/embeddedsoftware/env/gcc-arm-none-eabi-10.3-2021.10/bin/../lib/gcc/arm-none-eabi/10.3.1/thumb/v7e-m/nofp/crtbegin.o
                0x08011410                PROVIDE (__init_array_end = .)
                0x08011410                . = ALIGN (0x4)

.fini_array     0x08011410        0x4
                0x08011410                . = ALIGN (0x4)
                0x08011410                PROVIDE (__fini_array_start = .)
 *(SORT_BY_NAME(.fini_array.*))
 *(.fini_array*)
 .fini_array    0x08011410        0x4 d:/embeddedsoftware/env/gcc-arm-none-eabi-10.3-2021.10/bin/../lib/gcc/arm-none-eabi/10.3.1/thumb/v7e-m/nofp/crtbegin.o
                0x08011414                PROVIDE (__fini_array_end = .)
                0x08011414                . = ALIGN (0x4)
                0x08011414                _sidata = LOADADDR (.data)

.data           0x20000000      0xa08 load address 0x08011414
                0x20000000                . = ALIGN (0x4)
                0x20000000                _sdata = .
 *(.data)
 *(.data*)
 .data.SystemCoreClock
                0x20000000        0x4 CMakeFiles/demo.elf.dir/Core/Src/system_stm32f4xx.c.obj
                0x20000000                SystemCoreClock
 .data.uwTickFreq
                0x20000004        0x1 CMakeFiles/demo.elf.dir/Drivers/STM32F4xx_HAL_Driver/Src/stm32f4xx_hal.c.obj
                0x20000004                uwTickFreq
 *fill*         0x20000005        0x3 
 .data.uwTickPrio
                0x20000008        0x4 CMakeFiles/demo.elf.dir/Drivers/STM32F4xx_HAL_Driver/Src/stm32f4xx_hal.c.obj
                0x20000008                uwTickPrio
 .data.gyro_orientation
                0x2000000c        0x9 CMakeFiles/demo.elf.dir/HardWare/MPU6050/inv_mpu.c.obj
 *fill*         0x20000015        0x3 
 .data.st       0x20000018       0x2c CMakeFiles/demo.elf.dir/HardWare/MPU6050/inv_mpu.c.obj
 .data.debug_uart
                0x20000044        0x4 CMakeFiles/demo.elf.dir/User/UserMain.c.obj
                0x20000044                debug_uart
 .data.encoder_count_tim
                0x20000048        0x4 CMakeFiles/demo.elf.dir/User/UserMain.c.obj
                0x20000048                encoder_count_tim
 .data.encoder_left_tim
                0x2000004c        0x4 CMakeFiles/demo.elf.dir/User/UserMain.c.obj
                0x2000004c                encoder_left_tim
 .data.encoder_right_tim
                0x20000050        0x4 CMakeFiles/demo.elf.dir/User/UserMain.c.obj
                0x20000050                encoder_right_tim
 .data.pwm_tim  0x20000054        0x4 CMakeFiles/demo.elf.dir/User/UserMain.c.obj
                0x20000054                pwm_tim
 .data._impure_ptr
                0x20000058        0x4 d:/embeddedsoftware/env/gcc-arm-none-eabi-10.3-2021.10/bin/../lib/gcc/arm-none-eabi/10.3.1/../../../../arm-none-eabi/lib/thumb/v7e-m/nofp\libg.a(lib_a-impure.o)
                0x20000058                _impure_ptr
 *fill*         0x2000005c        0x4 
 .data.impure_data
                0x20000060      0x428 d:/embeddedsoftware/env/gcc-arm-none-eabi-10.3-2021.10/bin/../lib/gcc/arm-none-eabi/10.3.1/../../../../arm-none-eabi/lib/thumb/v7e-m/nofp\libg.a(lib_a-impure.o)
 .data.__atexit_recursive_mutex
                0x20000488        0x4 d:/embeddedsoftware/env/gcc-arm-none-eabi-10.3-2021.10/bin/../lib/gcc/arm-none-eabi/10.3.1/../../../../arm-none-eabi/lib/thumb/v7e-m/nofp\libg.a(lib_a-__call_atexit.o)
                0x20000488                __atexit_recursive_mutex
 .data.__malloc_av_
                0x2000048c      0x408 d:/embeddedsoftware/env/gcc-arm-none-eabi-10.3-2021.10/bin/../lib/gcc/arm-none-eabi/10.3.1/../../../../arm-none-eabi/lib/thumb/v7e-m/nofp\libg.a(lib_a-mallocr.o)
                0x2000048c                __malloc_av_
 .data.__malloc_sbrk_base
                0x20000894        0x4 d:/embeddedsoftware/env/gcc-arm-none-eabi-10.3-2021.10/bin/../lib/gcc/arm-none-eabi/10.3.1/../../../../arm-none-eabi/lib/thumb/v7e-m/nofp\libg.a(lib_a-mallocr.o)
                0x20000894                __malloc_sbrk_base
 .data.__malloc_trim_threshold
                0x20000898        0x4 d:/embeddedsoftware/env/gcc-arm-none-eabi-10.3-2021.10/bin/../lib/gcc/arm-none-eabi/10.3.1/../../../../arm-none-eabi/lib/thumb/v7e-m/nofp\libg.a(lib_a-mallocr.o)
                0x20000898                __malloc_trim_threshold
 .data.__global_locale
                0x2000089c      0x16c d:/embeddedsoftware/env/gcc-arm-none-eabi-10.3-2021.10/bin/../lib/gcc/arm-none-eabi/10.3.1/../../../../arm-none-eabi/lib/thumb/v7e-m/nofp\libg.a(lib_a-locale.o)
                0x2000089c                __global_locale
 *(.RamFunc)
 *(.RamFunc*)
                0x20000a08                . = ALIGN (0x4)
                0x20000a08                _edata = .

.igot.plt       0x20000a08        0x0 load address 0x08011e1c
 .igot.plt      0x20000a08        0x0 d:/embeddedsoftware/env/gcc-arm-none-eabi-10.3-2021.10/bin/../lib/gcc/arm-none-eabi/10.3.1/thumb/v7e-m/nofp/crtbegin.o
                0x20000a08                . = ALIGN (0x4)

.bss            0x20000a08      0x464 load address 0x08011e1c
                0x20000a08                _sbss = .
                0x20000a08                __bss_start__ = _sbss
 *(.bss)
 .bss           0x20000a08       0x1c d:/embeddedsoftware/env/gcc-arm-none-eabi-10.3-2021.10/bin/../lib/gcc/arm-none-eabi/10.3.1/thumb/v7e-m/nofp/crtbegin.o
 *(.bss*)
 .bss.hadc1     0x20000a24       0x48 CMakeFiles/demo.elf.dir/Core/Src/main.c.obj
                0x20000a24                hadc1
 .bss.hi2c1     0x20000a6c       0x54 CMakeFiles/demo.elf.dir/Core/Src/main.c.obj
                0x20000a6c                hi2c1
 .bss.hspi1     0x20000ac0       0x58 CMakeFiles/demo.elf.dir/Core/Src/main.c.obj
                0x20000ac0                hspi1
 .bss.htim1     0x20000b18       0x48 CMakeFiles/demo.elf.dir/Core/Src/main.c.obj
                0x20000b18                htim1
 .bss.htim2     0x20000b60       0x48 CMakeFiles/demo.elf.dir/Core/Src/main.c.obj
                0x20000b60                htim2
 .bss.htim3     0x20000ba8       0x48 CMakeFiles/demo.elf.dir/Core/Src/main.c.obj
                0x20000ba8                htim3
 .bss.htim4     0x20000bf0       0x48 CMakeFiles/demo.elf.dir/Core/Src/main.c.obj
                0x20000bf0                htim4
 .bss.huart2    0x20000c38       0x44 CMakeFiles/demo.elf.dir/Core/Src/main.c.obj
                0x20000c38                huart2
 .bss.huart6    0x20000c7c       0x44 CMakeFiles/demo.elf.dir/Core/Src/main.c.obj
                0x20000c7c                huart6
 .bss.__sbrk_heap_end
                0x20000cc0        0x4 CMakeFiles/demo.elf.dir/Core/Src/sysmem.c.obj
 .bss.uwTick    0x20000cc4        0x4 CMakeFiles/demo.elf.dir/Drivers/STM32F4xx_HAL_Driver/Src/stm32f4xx_hal.c.obj
                0x20000cc4                uwTick
 .bss.dmp       0x20000cc8       0x10 CMakeFiles/demo.elf.dir/HardWare/MPU6050/inv_mpu_dmp_motion_driver.c.obj
 .bss.Encoder.2
                0x20000cd8        0x4 CMakeFiles/demo.elf.dir/User/PID.c.obj
 .bss.Encoder_Integral.1
                0x20000cdc        0x4 CMakeFiles/demo.elf.dir/User/PID.c.obj
 .bss.Encoder_Least.3
                0x20000ce0        0x4 CMakeFiles/demo.elf.dir/User/PID.c.obj
 .bss.Velocity.0
                0x20000ce4        0x4 CMakeFiles/demo.elf.dir/User/PID.c.obj
 .bss.USART_TX_BUF
                0x20000ce8       0xc8 CMakeFiles/demo.elf.dir/User/UserMain.c.obj
                0x20000ce8                USART_TX_BUF
 .bss.flag      0x20000db0        0x1 CMakeFiles/demo.elf.dir/User/UserMain.c.obj
                0x20000db0                flag
 *fill*         0x20000db1        0x1 
 .bss.gyrox     0x20000db2        0x2 CMakeFiles/demo.elf.dir/User/UserMain.c.obj
                0x20000db2                gyrox
 .bss.gyroy     0x20000db4        0x2 CMakeFiles/demo.elf.dir/User/UserMain.c.obj
                0x20000db4                gyroy
 .bss.gyroz     0x20000db6        0x2 CMakeFiles/demo.elf.dir/User/UserMain.c.obj
                0x20000db6                gyroz
 .bss.pitch     0x20000db8        0x4 CMakeFiles/demo.elf.dir/User/UserMain.c.obj
                0x20000db8                pitch
 .bss.recv_buffer
                0x20000dbc       0x20 CMakeFiles/demo.elf.dir/User/UserMain.c.obj
                0x20000dbc                recv_buffer
 .bss.roll      0x20000ddc        0x4 CMakeFiles/demo.elf.dir/User/UserMain.c.obj
                0x20000ddc                roll
 .bss.speed_left